Archive member included to satisfy reference by file (symbol)

/home/nikhi/st/stm32cubeide_1.14.0/plugins/com.st.stm32cube.ide.mcu.externaltools.gnu-tools-for-stm32.11.3.rel1.linux64_1.1.100.202309141235/tools/bin/../lib/gcc/arm-none-eabi/11.3.1/../../../../arm-none-eabi/lib/thumb/v7-m/nofp/libc_nano.a(libc_a-exit.o)
                              /home/nikhi/st/stm32cubeide_1.14.0/plugins/com.st.stm32cube.ide.mcu.externaltools.gnu-tools-for-stm32.11.3.rel1.linux64_1.1.100.202309141235/tools/bin/../lib/gcc/arm-none-eabi/11.3.1/../../../../arm-none-eabi/lib/thumb/v7-m/nofp/crt0.o (exit)
/home/nikhi/st/stm32cubeide_1.14.0/plugins/com.st.stm32cube.ide.mcu.externaltools.gnu-tools-for-stm32.11.3.rel1.linux64_1.1.100.202309141235/tools/bin/../lib/gcc/arm-none-eabi/11.3.1/../../../../arm-none-eabi/lib/thumb/v7-m/nofp/libc_nano.a(libc_a-findfp.o)
                              /home/nikhi/st/stm32cubeide_1.14.0/plugins/com.st.stm32cube.ide.mcu.externaltools.gnu-tools-for-stm32.11.3.rel1.linux64_1.1.100.202309141235/tools/bin/../lib/gcc/arm-none-eabi/11.3.1/../../../../arm-none-eabi/lib/thumb/v7-m/nofp/libc_nano.a(libc_a-exit.o) (__stdio_exit_handler)
/home/nikhi/st/stm32cubeide_1.14.0/plugins/com.st.stm32cube.ide.mcu.externaltools.gnu-tools-for-stm32.11.3.rel1.linux64_1.1.100.202309141235/tools/bin/../lib/gcc/arm-none-eabi/11.3.1/../../../../arm-none-eabi/lib/thumb/v7-m/nofp/libc_nano.a(libc_a-fwalk.o)
                              /home/nikhi/st/stm32cubeide_1.14.0/plugins/com.st.stm32cube.ide.mcu.externaltools.gnu-tools-for-stm32.11.3.rel1.linux64_1.1.100.202309141235/tools/bin/../lib/gcc/arm-none-eabi/11.3.1/../../../../arm-none-eabi/lib/thumb/v7-m/nofp/libc_nano.a(libc_a-findfp.o) (_fwalk_sglue)
/home/nikhi/st/stm32cubeide_1.14.0/plugins/com.st.stm32cube.ide.mcu.externaltools.gnu-tools-for-stm32.11.3.rel1.linux64_1.1.100.202309141235/tools/bin/../lib/gcc/arm-none-eabi/11.3.1/../../../../arm-none-eabi/lib/thumb/v7-m/nofp/libc_nano.a(libc_a-printf.o)
                              ./Core/Src/main.o (printf)
/home/nikhi/st/stm32cubeide_1.14.0/plugins/com.st.stm32cube.ide.mcu.externaltools.gnu-tools-for-stm32.11.3.rel1.linux64_1.1.100.202309141235/tools/bin/../lib/gcc/arm-none-eabi/11.3.1/../../../../arm-none-eabi/lib/thumb/v7-m/nofp/libc_nano.a(libc_a-stdio.o)
                              /home/nikhi/st/stm32cubeide_1.14.0/plugins/com.st.stm32cube.ide.mcu.externaltools.gnu-tools-for-stm32.11.3.rel1.linux64_1.1.100.202309141235/tools/bin/../lib/gcc/arm-none-eabi/11.3.1/../../../../arm-none-eabi/lib/thumb/v7-m/nofp/libc_nano.a(libc_a-findfp.o) (__sread)
/home/nikhi/st/stm32cubeide_1.14.0/plugins/com.st.stm32cube.ide.mcu.externaltools.gnu-tools-for-stm32.11.3.rel1.linux64_1.1.100.202309141235/tools/bin/../lib/gcc/arm-none-eabi/11.3.1/../../../../arm-none-eabi/lib/thumb/v7-m/nofp/libc_nano.a(libc_a-memset.o)
                              /home/nikhi/st/stm32cubeide_1.14.0/plugins/com.st.stm32cube.ide.mcu.externaltools.gnu-tools-for-stm32.11.3.rel1.linux64_1.1.100.202309141235/tools/bin/../lib/gcc/arm-none-eabi/11.3.1/../../../../arm-none-eabi/lib/thumb/v7-m/nofp/crt0.o (memset)
/home/nikhi/st/stm32cubeide_1.14.0/plugins/com.st.stm32cube.ide.mcu.externaltools.gnu-tools-for-stm32.11.3.rel1.linux64_1.1.100.202309141235/tools/bin/../lib/gcc/arm-none-eabi/11.3.1/../../../../arm-none-eabi/lib/thumb/v7-m/nofp/libc_nano.a(libc_a-closer.o)
                              /home/nikhi/st/stm32cubeide_1.14.0/plugins/com.st.stm32cube.ide.mcu.externaltools.gnu-tools-for-stm32.11.3.rel1.linux64_1.1.100.202309141235/tools/bin/../lib/gcc/arm-none-eabi/11.3.1/../../../../arm-none-eabi/lib/thumb/v7-m/nofp/libc_nano.a(libc_a-stdio.o) (_close_r)
/home/nikhi/st/stm32cubeide_1.14.0/plugins/com.st.stm32cube.ide.mcu.externaltools.gnu-tools-for-stm32.11.3.rel1.linux64_1.1.100.202309141235/tools/bin/../lib/gcc/arm-none-eabi/11.3.1/../../../../arm-none-eabi/lib/thumb/v7-m/nofp/libc_nano.a(libc_a-reent.o)
                              /home/nikhi/st/stm32cubeide_1.14.0/plugins/com.st.stm32cube.ide.mcu.externaltools.gnu-tools-for-stm32.11.3.rel1.linux64_1.1.100.202309141235/tools/bin/../lib/gcc/arm-none-eabi/11.3.1/../../../../arm-none-eabi/lib/thumb/v7-m/nofp/libc_nano.a(libc_a-closer.o) (errno)
/home/nikhi/st/stm32cubeide_1.14.0/plugins/com.st.stm32cube.ide.mcu.externaltools.gnu-tools-for-stm32.11.3.rel1.linux64_1.1.100.202309141235/tools/bin/../lib/gcc/arm-none-eabi/11.3.1/../../../../arm-none-eabi/lib/thumb/v7-m/nofp/libc_nano.a(libc_a-impure.o)
                              /home/nikhi/st/stm32cubeide_1.14.0/plugins/com.st.stm32cube.ide.mcu.externaltools.gnu-tools-for-stm32.11.3.rel1.linux64_1.1.100.202309141235/tools/bin/../lib/gcc/arm-none-eabi/11.3.1/../../../../arm-none-eabi/lib/thumb/v7-m/nofp/libc_nano.a(libc_a-printf.o) (_impure_ptr)
[...]
Memory Configuration

Name             Origin             Length             Attributes
RAM              0x0000000020000000 0x0000000000002800 xrw
FLASH            0x0000000008000000 0x0000000000008000 xr
*default*        0x0000000000000000 0xffffffffffffffff

Linker script and memory map

LOAD /home/nikhi/st/stm32cubeide_1.14.0/plugins/com.st.stm32cube.ide.mcu.externaltools.gnu-tools-for-stm32.11.3.rel1.linux64_1.1.100.202309141235/tools/bin/../lib/gcc/arm-none-eabi/11.3.1/thumb/v7-m/nofp/crti.o
LOAD /home/nikhi/st/stm32cubeide_1.14.0/plugins/com.st.stm32cube.ide.mcu.externaltools.gnu-tools-for-stm32.11.3.rel1.linux64_1.1.100.202309141235/tools/bin/../lib/gcc/arm-none-eabi/11.3.1/thumb/v7-m/nofp/crtbegin.o
LOAD /home/nikhi/st/stm32cubeide_1.14.0/plugins/com.st.stm32cube.ide.mcu.externaltools.gnu-tools-for-stm32.11.3.rel1.linux64_1.1.100.202309141235/tools/bin/../lib/gcc/arm-none-eabi/11.3.1/../../../../arm-none-eabi/lib/thumb/v7-m/nofp/crt0.o
LOAD ./Core/Src/main.o
LOAD ./Core/Src/stm32f1xx_hal_msp.o
LOAD ./Core/Src/stm32f1xx_it.o
LOAD ./Core/Src/syscalls.o
LOAD ./Core/Src/sysmem.o
LOAD ./Core/Src/system_stm32f1xx.o
LOAD ./Core/Startup/startup_stm32f103c6tx.o
LOAD ./Drivers/STM32F1xx_HAL_Driver/stm32f1xx_hal.o
LOAD ./Drivers/STM32F1xx_HAL_Driver/stm32f1xx_hal_adc.o
LOAD ./Drivers/STM32F1xx_HAL_Driver/stm32f1xx_hal_adc_ex.o
LOAD ./Drivers/STM32F1xx_HAL_Driver/stm32f1xx_hal_cortex.o
LOAD ./Drivers/STM32F1xx_HAL_Driver/stm32f1xx_hal_dma.o
LOAD ./Drivers/STM32F1xx_HAL_Driver/stm32f1xx_hal_exti.o
LOAD ./Drivers/STM32F1xx_HAL_Driver/stm32f1xx_hal_flash.o
LOAD ./Drivers/STM32F1xx_HAL_Driver/stm32f1xx_hal_flash_ex.o
LOAD ./Drivers/STM32F1xx_HAL_Driver/stm32f1xx_hal_gpio.o
LOAD ./Drivers/STM32F1xx_HAL_Driver/stm32f1xx_hal_gpio_ex.o
LOAD ./Drivers/STM32F1xx_HAL_Driver/stm32f1xx_hal_pwr.o
LOAD ./Drivers/STM32F1xx_HAL_Driver/stm32f1xx_hal_rcc.o
LOAD ./Drivers/STM32F1xx_HAL_Driver/stm32f1xx_hal_rcc_ex.o
LOAD ./Drivers/STM32F1xx_HAL_Driver/stm32f1xx_hal_tim.o
LOAD ./Drivers/STM32F1xx_HAL_Driver/stm32f1xx_hal_tim_ex.o
START GROUP
LOAD /home/nikhi/st/stm32cubeide_1.14.0/plugins/com.st.stm32cube.ide.mcu.externaltools.gnu-tools-for-stm32.11.3.rel1.linux64_1.1.100.202309141235/tools/bin/../lib/gcc/arm-none-eabi/11.3.1/../../../../arm-none-eabi/lib/thumb/v7-m/nofp/libc_nano.a
LOAD /home/nikhi/st/stm32cubeide_1.14.0/plugins/com.st.stm32cube.ide.mcu.externaltools.gnu-tools-for-stm32.11.3.rel1.linux64_1.1.100.202309141235/tools/bin/../lib/gcc/arm-none-eabi/11.3.1/../../../../arm-none-eabi/lib/thumb/v7-m/nofp/libm.a
END GROUP
START GROUP
LOAD /home/nikhi/st/stm32cubeide_1.14.0/plugins/com.st.stm32cube.ide.mcu.externaltools.gnu-tools-for-stm32.11.3.rel1.linux64_1.1.100.202309141235/tools/bin/../lib/gcc/arm-none-eabi/11.3.1/thumb/v7-m/nofp/libgcc.a
LOAD /home/nikhi/st/stm32cubeide_1.14.0/plugins/com.st.stm32cube.ide.mcu.externaltools.gnu-tools-for-stm32.11.3.rel1.linux64_1.1.100.202309141235/tools/bin/../lib/gcc/arm-none-eabi/11.3.1/../../../../arm-none-eabi/lib/thumb/v7-m/nofp/libc_nano.a
END GROUP
START GROUP
LOAD /home/nikhi/st/stm32cubeide_1.14.0/plugins/com.st.stm32cube.ide.mcu.externaltools.gnu-tools-for-stm32.11.3.rel1.linux64_1.1.100.202309141235/tools/bin/../lib/gcc/arm-none-eabi/11.3.1/thumb/v7-m/nofp/libgcc.a
LOAD /home/nikhi/st/stm32cubeide_1.14.0/plugins/com.st.stm32cube.ide.mcu.externaltools.gnu-tools-for-stm32.11.3.rel1.linux64_1.1.100.202309141235/tools/bin/../lib/gcc/arm-none-eabi/11.3.1/../../../../arm-none-eabi/lib/thumb/v7-m/nofp/libc_nano.a
LOAD /home/nikhi/st/stm32cubeide_1.14.0/plugins/com.st.stm32cube.ide.mcu.externaltools.gnu-tools-for-stm32.11.3.rel1.linux64_1.1.100.202309141235/tools/bin/../lib/gcc/arm-none-eabi/11.3.1/../../../../arm-none-eabi/lib/thumb/v7-m/nofp/libnosys.a
END GROUP
START GROUP
LOAD /home/nikhi/st/stm32cubeide_1.14.0/plugins/com.st.stm32cube.ide.mcu.externaltools.gnu-tools-for-stm32.11.3.rel1.linux64_1.1.100.202309141235/tools/bin/../lib/gcc/arm-none-eabi/11.3.1/thumb/v7-m/nofp/libgcc.a
LOAD /home/nikhi/st/stm32cubeide_1.14.0/plugins/com.st.stm32cube.ide.mcu.externaltools.gnu-tools-for-stm32.11.3.rel1.linux64_1.1.100.202309141235/tools/bin/../lib/gcc/arm-none-eabi/11.3.1/../../../../arm-none-eabi/lib/thumb/v7-m/nofp/libc_nano.a
LOAD /home/nikhi/st/stm32cubeide_1.14.0/plugins/com.st.stm32cube.ide.mcu.externaltools.gnu-tools-for-stm32.11.3.rel1.linux64_1.1.100.202309141235/tools/bin/../lib/gcc/arm-none-eabi/11.3.1/../../../../arm-none-eabi/lib/thumb/v7-m/nofp/libnosys.a
END GROUP
LOAD /home/nikhi/st/stm32cubeide_1.14.0/plugins/com.st.stm32cube.ide.mcu.externaltools.gnu-tools-for-stm32.11.3.rel1.linux64_1.1.100.202309141235/tools/bin/../lib/gcc/arm-none-eabi/11.3.1/thumb/v7-m/nofp/crtend.o
LOAD /home/nikhi/st/stm32cubeide_1.14.0/plugins/com.st.stm32cube.ide.mcu.externaltools.gnu-tools-for-stm32.11.3.rel1.linux64_1.1.100.202309141235/tools/bin/../lib/gcc/arm-none-eabi/11.3.1/thumb/v7-m/nofp/crtn.o
                0x0000000020002800                _estack = (ORIGIN (RAM) + LENGTH (RAM))
                0x0000000000000200                _Min_Heap_Size = 0x200
                0x0000000000000400                _Min_Stack_Size = 0x400

.isr_vector     0x0000000008000000      0x10c
                0x0000000008000000                . = ALIGN (0x4)
 *(.isr_vector)
 .isr_vector    0x0000000008000000      0x10c ./Core/Startup/startup_stm32f103c6tx.o
                0x0000000008000000                g_pfnVectors
                0x000000000800010c                . = ALIGN (0x4)

.text           0x000000000800010c     0x3958
                0x000000000800010c                . = ALIGN (0x4)
 *(.text)
 .text          0x000000000800010c       0x40 /home/nikhi/st/stm32cubeide_1.14.0/plugins/com.st.stm32cube.ide.mcu.externaltools.gnu-tools-for-stm32.11.3.rel1.linux64_1.1.100.202309141235/tools/bin/../lib/gcc/arm-none-eabi/11.3.1/thumb/v7-m/nofp/crtbegin.o
 *(.text*)
 .text.main     0x000000000800014c       0x58 ./Core/Src/main.o
                0x000000000800014c                main
 .text.SystemClock_Config
                0x00000000080001a4       0xa0 ./Core/Src/main.o
                0x00000000080001a4                SystemClock_Config
 .text.MX_ADC1_Init
                0x0000000008000244       0x7c ./Core/Src/main.o
 .text.MX_TIM2_Init
                0x00000000080002c0       0xec ./Core/Src/main.o
 .text.MX_GPIO_Init
                0x00000000080003ac       0x6c ./Core/Src/main.o
 .text.Error_Handler
                0x0000000008000418        0xa ./Core/Src/main.o
                0x0000000008000418                Error_Handler
 *fill*         0x0000000008000422        0x2 
 .text.HAL_MspInit
                0x0000000008000424       0x64 ./Core/Src/stm32f1xx_hal_msp.o
                0x0000000008000424                HAL_MspInit
 .text.HAL_ADC_MspInit
                0x0000000008000488       0x78 ./Core/Src/stm32f1xx_hal_msp.o
                0x0000000008000488                HAL_ADC_MspInit
 .text.HAL_TIM_Base_MspInit
                0x0000000008000500       0x38 ./Core/Src/stm32f1xx_hal_msp.o
                0x0000000008000500                HAL_TIM_Base_MspInit
 .text.HAL_TIM_MspPostInit
                0x0000000008000538       0x60 ./Core/Src/stm32f1xx_hal_msp.o
                0x0000000008000538                HAL_TIM_MspPostInit
 .text.NMI_Handler
                0x0000000008000598        0x6 ./Core/Src/stm32f1xx_it.o
                0x0000000008000598                NMI_Handler
 .text.HardFault_Handler
                0x000000000800059e        0x6 ./Core/Src/stm32f1xx_it.o
                0x000000000800059e                HardFault_Handler
 .text.MemManage_Handler
                0x00000000080005a4        0x6 ./Core/Src/stm32f1xx_it.o
                0x00000000080005a4                MemManage_Handler
 .text.BusFault_Handler
                0x00000000080005aa        0x6 ./Core/Src/stm32f1xx_it.o
                0x00000000080005aa                BusFault_Handler
 .text.UsageFault_Handler
                0x00000000080005b0        0x6 ./Core/Src/stm32f1xx_it.o
                0x00000000080005b0                UsageFault_Handler
 .text.SVC_Handler
                0x00000000080005b6        0xc ./Core/Src/stm32f1xx_it.o
                0x00000000080005b6                SVC_Handler
 .text.DebugMon_Handler
                0x00000000080005c2        0xc ./Core/Src/stm32f1xx_it.o
                0x00000000080005c2                DebugMon_Handler
 .text.PendSV_Handler
                0x00000000080005ce        0xc ./Core/Src/stm32f1xx_it.o
                0x00000000080005ce                PendSV_Handler
 .text.SysTick_Handler
                0x00000000080005da        0xc ./Core/Src/stm32f1xx_it.o
                0x00000000080005da                SysTick_Handler
 .text._read    0x00000000080005e6       0x3a ./Core/Src/syscalls.o
                0x00000000080005e6                _read
 .text._write   0x0000000008000620       0x38 ./Core/Src/syscalls.o
                0x0000000008000620                _write
 .text._close   0x0000000008000658       0x16 ./Core/Src/syscalls.o
                0x0000000008000658                _close
 .text._fstat   0x000000000800066e       0x1e ./Core/Src/syscalls.o
                0x000000000800066e                _fstat
 .text._isatty  0x000000000800068c       0x14 ./Core/Src/syscalls.o
                0x000000000800068c                _isatty
 .text._lseek   0x00000000080006a0       0x18 ./Core/Src/syscalls.o
                0x00000000080006a0                _lseek
 .text._sbrk    0x00000000080006b8       0x6c ./Core/Src/sysmem.o
                0x00000000080006b8                _sbrk
 .text.SystemInit
                0x0000000008000724        0xc ./Core/Src/system_stm32f1xx.o
                0x0000000008000724                SystemInit
 .text.Reset_Handler
                0x0000000008000730       0x48 ./Core/Startup/startup_stm32f103c6tx.o
                0x0000000008000730                Reset_Handler
 .text.Default_Handler
                0x0000000008000778        0x2 ./Core/Startup/startup_stm32f103c6tx.o
                0x0000000008000778                RTC_Alarm_IRQHandler
                0x0000000008000778                EXTI2_IRQHandler
                0x0000000008000778                TIM1_CC_IRQHandler
                0x0000000008000778                PVD_IRQHandler
                0x0000000008000778                EXTI3_IRQHandler
                0x0000000008000778                EXTI0_IRQHandler
                0x0000000008000778                ADC1_2_IRQHandler
                0x0000000008000778                SPI1_IRQHandler
                0x0000000008000778                TAMPER_IRQHandler
                0x0000000008000778                DMA1_Channel4_IRQHandler
                0x0000000008000778                RTC_IRQHandler
                0x0000000008000778                DMA1_Channel7_IRQHandler
                0x0000000008000778                CAN1_RX1_IRQHandler
                0x0000000008000778                I2C1_EV_IRQHandler
                0x0000000008000778                DMA1_Channel6_IRQHandler
                0x0000000008000778                TIM3_IRQHandler
                0x0000000008000778                RCC_IRQHandler
                0x0000000008000778                TIM1_TRG_COM_IRQHandler
                0x0000000008000778                DMA1_Channel1_IRQHandler
                0x0000000008000778                Default_Handler
                0x0000000008000778                EXTI15_10_IRQHandler
                0x0000000008000778                EXTI9_5_IRQHandler
                0x0000000008000778                DMA1_Channel5_IRQHandler
                0x0000000008000778                EXTI4_IRQHandler
                0x0000000008000778                USB_LP_CAN1_RX0_IRQHandler
                0x0000000008000778                USB_HP_CAN1_TX_IRQHandler
                0x0000000008000778                DMA1_Channel3_IRQHandler
                0x0000000008000778                TIM1_UP_IRQHandler
                0x0000000008000778                WWDG_IRQHandler
                0x0000000008000778                TIM2_IRQHandler
                0x0000000008000778                TIM1_BRK_IRQHandler
                0x0000000008000778                EXTI1_IRQHandler
                0x0000000008000778                USART2_IRQHandler
                0x0000000008000778                DMA1_Channel2_IRQHandler
                0x0000000008000778                CAN1_SCE_IRQHandler
                0x0000000008000778                FLASH_IRQHandler
                0x0000000008000778                USART1_IRQHandler
                0x0000000008000778                I2C1_ER_IRQHandler
                0x0000000008000778                USBWakeUp_IRQHandler
 *fill*         0x000000000800077a        0x2 
 .text.HAL_Init
                0x000000000800077c       0x2c ./Drivers/STM32F1xx_HAL_Driver/stm32f1xx_hal.o
                0x000000000800077c                HAL_Init
 .text.HAL_InitTick
                0x00000000080007a8       0x60 ./Drivers/STM32F1xx_HAL_Driver/stm32f1xx_hal.o
                0x00000000080007a8                HAL_InitTick
 .text.HAL_IncTick
                0x0000000008000808       0x24 ./Drivers/STM32F1xx_HAL_Driver/stm32f1xx_hal.o
                0x0000000008000808                HAL_IncTick
 .text.HAL_GetTick
                0x000000000800082c       0x14 ./Drivers/STM32F1xx_HAL_Driver/stm32f1xx_hal.o
                0x000000000800082c                HAL_GetTick
 .text.HAL_Delay
                0x0000000008000840       0x48 ./Drivers/STM32F1xx_HAL_Driver/stm32f1xx_hal.o
                0x0000000008000840                HAL_Delay
 .text.HAL_ADC_Init
                0x0000000008000888      0x1b0 ./Drivers/STM32F1xx_HAL_Driver/stm32f1xx_hal_adc.o
                0x0000000008000888                HAL_ADC_Init
 .text.HAL_ADC_Start
                0x0000000008000a38      0x15c ./Drivers/STM32F1xx_HAL_Driver/stm32f1xx_hal_adc.o
                0x0000000008000a38                HAL_ADC_Start
 .text.HAL_ADC_PollForConversion
                0x0000000008000b94      0x20c ./Drivers/STM32F1xx_HAL_Driver/stm32f1xx_hal_adc.o
                0x0000000008000b94                HAL_ADC_PollForConversion
 .text.HAL_ADC_GetValue
                0x0000000008000da0       0x18 ./Drivers/STM32F1xx_HAL_Driver/stm32f1xx_hal_adc.o
                0x0000000008000da0                HAL_ADC_GetValue
 .text.HAL_ADC_ConfigChannel
                0x0000000008000db8      0x1f0 ./Drivers/STM32F1xx_HAL_Driver/stm32f1xx_hal_adc.o
                0x0000000008000db8                HAL_ADC_ConfigChannel
 .text.ADC_Enable
                0x0000000008000fa8       0xb4 ./Drivers/STM32F1xx_HAL_Driver/stm32f1xx_hal_adc.o
                0x0000000008000fa8                ADC_Enable
 .text.ADC_ConversionStop_Disable
                0x000000000800105c       0x82 ./Drivers/STM32F1xx_HAL_Driver/stm32f1xx_hal_adc.o
                0x000000000800105c                ADC_ConversionStop_Disable
 *fill*         0x00000000080010de        0x2 
 .text.HAL_ADCEx_Calibration_Start
                0x00000000080010e0      0x15c ./Drivers/STM32F1xx_HAL_Driver/stm32f1xx_hal_adc_ex.o
                0x00000000080010e0                HAL_ADCEx_Calibration_Start
 .text.__NVIC_SetPriorityGrouping
                0x000000000800123c       0x48 ./Drivers/STM32F1xx_HAL_Driver/stm32f1xx_hal_cortex.o
 .text.__NVIC_GetPriorityGrouping
                0x0000000008001284       0x1c ./Drivers/STM32F1xx_HAL_Driver/stm32f1xx_hal_cortex.o
 .text.__NVIC_SetPriority
                0x00000000080012a0       0x54 ./Drivers/STM32F1xx_HAL_Driver/stm32f1xx_hal_cortex.o
 .text.NVIC_EncodePriority
                0x00000000080012f4       0x64 ./Drivers/STM32F1xx_HAL_Driver/stm32f1xx_hal_cortex.o
 .text.SysTick_Config
                0x0000000008001358       0x44 ./Drivers/STM32F1xx_HAL_Driver/stm32f1xx_hal_cortex.o
 .text.HAL_NVIC_SetPriorityGrouping
                0x000000000800139c       0x16 ./Drivers/STM32F1xx_HAL_Driver/stm32f1xx_hal_cortex.o
                0x000000000800139c                HAL_NVIC_SetPriorityGrouping
 .text.HAL_NVIC_SetPriority
                0x00000000080013b2       0x38 ./Drivers/STM32F1xx_HAL_Driver/stm32f1xx_hal_cortex.o
                0x00000000080013b2                HAL_NVIC_SetPriority
 .text.HAL_SYSTICK_Config
                0x00000000080013ea       0x18 ./Drivers/STM32F1xx_HAL_Driver/stm32f1xx_hal_cortex.o
                0x00000000080013ea                HAL_SYSTICK_Config
 *fill*         0x0000000008001402        0x2 
 .text.HAL_GPIO_Init
                0x0000000008001404      0x2f8 ./Drivers/STM32F1xx_HAL_Driver/stm32f1xx_hal_gpio.o
                0x0000000008001404                HAL_GPIO_Init
 .text.HAL_RCC_OscConfig
                0x00000000080016fc      0x504 ./Drivers/STM32F1xx_HAL_Driver/stm32f1xx_hal_rcc.o
                0x00000000080016fc                HAL_RCC_OscConfig
 .text.HAL_RCC_ClockConfig
                0x0000000008001c00      0x1d4 ./Drivers/STM32F1xx_HAL_Driver/stm32f1xx_hal_rcc.o
                0x0000000008001c00                HAL_RCC_ClockConfig
 .text.HAL_RCC_GetSysClockFreq
                0x0000000008001dd4       0xa8 ./Drivers/STM32F1xx_HAL_Driver/stm32f1xx_hal_rcc.o
                0x0000000008001dd4                HAL_RCC_GetSysClockFreq
 .text.HAL_RCC_GetHCLKFreq
                0x0000000008001e7c       0x14 ./Drivers/STM32F1xx_HAL_Driver/stm32f1xx_hal_rcc.o
                0x0000000008001e7c                HAL_RCC_GetHCLKFreq
 .text.HAL_RCC_GetPCLK2Freq
                0x0000000008001e90       0x28 ./Drivers/STM32F1xx_HAL_Driver/stm32f1xx_hal_rcc.o
                0x0000000008001e90                HAL_RCC_GetPCLK2Freq
 .text.RCC_Delay
                0x0000000008001eb8       0x3c ./Drivers/STM32F1xx_HAL_Driver/stm32f1xx_hal_rcc.o
 .text.HAL_RCCEx_PeriphCLKConfig
                0x0000000008001ef4      0x16c ./Drivers/STM32F1xx_HAL_Driver/stm32f1xx_hal_rcc_ex.o
                0x0000000008001ef4                HAL_RCCEx_PeriphCLKConfig
 .text.HAL_RCCEx_GetPeriphCLKFreq
                0x0000000008002060      0x16c ./Drivers/STM32F1xx_HAL_Driver/stm32f1xx_hal_rcc_ex.o
                0x0000000008002060                HAL_RCCEx_GetPeriphCLKFreq
 .text.HAL_TIM_Base_Init
                0x00000000080021cc       0x9e ./Drivers/STM32F1xx_HAL_Driver/stm32f1xx_hal_tim.o
                0x00000000080021cc                HAL_TIM_Base_Init
 .text.HAL_TIM_PWM_Init
                0x000000000800226a       0x9e ./Drivers/STM32F1xx_HAL_Driver/stm32f1xx_hal_tim.o
                0x000000000800226a                HAL_TIM_PWM_Init
 .text.HAL_TIM_PWM_MspInit
                0x0000000008002308       0x12 ./Drivers/STM32F1xx_HAL_Driver/stm32f1xx_hal_tim.o
                0x0000000008002308                HAL_TIM_PWM_MspInit
 *fill*         0x000000000800231a        0x2 
 .text.HAL_TIM_PWM_ConfigChannel
                0x000000000800231c      0x184 ./Drivers/STM32F1xx_HAL_Driver/stm32f1xx_hal_tim.o
                0x000000000800231c                HAL_TIM_PWM_ConfigChannel
 .text.HAL_TIM_ConfigClockSource
                0x00000000080024a0      0x18e ./Drivers/STM32F1xx_HAL_Driver/stm32f1xx_hal_tim.o
                0x00000000080024a0                HAL_TIM_ConfigClockSource
 *fill*         0x000000000800262e        0x2 
 .text.TIM_Base_SetConfig
                0x0000000008002630       0xb0 ./Drivers/STM32F1xx_HAL_Driver/stm32f1xx_hal_tim.o
                0x0000000008002630                TIM_Base_SetConfig
 .text.TIM_OC1_SetConfig
                0x00000000080026e0       0xcc ./Drivers/STM32F1xx_HAL_Driver/stm32f1xx_hal_tim.o
 .text.TIM_OC2_SetConfig
                0x00000000080027ac       0xd4 ./Drivers/STM32F1xx_HAL_Driver/stm32f1xx_hal_tim.o
                0x00000000080027ac                TIM_OC2_SetConfig
 .text.TIM_OC3_SetConfig
                0x0000000008002880       0xd4 ./Drivers/STM32F1xx_HAL_Driver/stm32f1xx_hal_tim.o
 .text.TIM_OC4_SetConfig
                0x0000000008002954       0x9c ./Drivers/STM32F1xx_HAL_Driver/stm32f1xx_hal_tim.o
 .text.TIM_TI1_ConfigInputStage
                0x00000000080029f0       0x5c ./Drivers/STM32F1xx_HAL_Driver/stm32f1xx_hal_tim.o
 .text.TIM_TI2_ConfigInputStage
                0x0000000008002a4c       0x5e ./Drivers/STM32F1xx_HAL_Driver/stm32f1xx_hal_tim.o
 .text.TIM_ITRx_SetConfig
                0x0000000008002aaa       0x34 ./Drivers/STM32F1xx_HAL_Driver/stm32f1xx_hal_tim.o
 .text.TIM_ETR_SetConfig
                0x0000000008002ade       0x3e ./Drivers/STM32F1xx_HAL_Driver/stm32f1xx_hal_tim.o
                0x0000000008002ade                TIM_ETR_SetConfig
 .text.HAL_TIMEx_MasterConfigSynchronization
                0x0000000008002b1c       0xb0 ./Drivers/STM32F1xx_HAL_Driver/stm32f1xx_hal_tim_ex.o
                0x0000000008002b1c                HAL_TIMEx_MasterConfigSynchronization
 .text.std      0x0000000008002bcc       0x6c /home/nikhi/st/stm32cubeide_1.14.0/plugins/com.st.stm32cube.ide.mcu.externaltools.gnu-tools-for-stm32.11.3.rel1.linux64_1.1.100.202309141235/tools/bin/../lib/gcc/arm-none-eabi/11.3.1/../../../../arm-none-eabi/lib/thumb/v7-m/nofp/libc_nano.a(libc_a-findfp.o)
 .text.stdio_exit_handler
                0x0000000008002c38       0x18 /home/nikhi/st/stm32cubeide_1.14.0/plugins/com.st.stm32cube.ide.mcu.externaltools.gnu-tools-for-stm32.11.3.rel1.linux64_1.1.100.202309141235/tools/bin/../lib/gcc/arm-none-eabi/11.3.1/../../../../arm-none-eabi/lib/thumb/v7-m/nofp/libc_nano.a(libc_a-findfp.o)
 .text.cleanup_stdio
                0x0000000008002c50       0x40 /home/nikhi/st/stm32cubeide_1.14.0/plugins/com.st.stm32cube.ide.mcu.externaltools.gnu-tools-for-stm32.11.3.rel1.linux64_1.1.100.202309141235/tools/bin/../lib/gcc/arm-none-eabi/11.3.1/../../../../arm-none-eabi/lib/thumb/v7-m/nofp/libc_nano.a(libc_a-findfp.o)
 .text.global_stdio_init.part.0
                0x0000000008002c90       0x3c /home/nikhi/st/stm32cubeide_1.14.0/plugins/com.st.stm32cube.ide.mcu.externaltools.gnu-tools-for-stm32.11.3.rel1.linux64_1.1.100.202309141235/tools/bin/../lib/gcc/arm-none-eabi/11.3.1/../../../../arm-none-eabi/lib/thumb/v7-m/nofp/libc_nano.a(libc_a-findfp.o)
 .text.__sfp_lock_acquire
                0x0000000008002ccc        0xc /home/nikhi/st/stm32cubeide_1.14.0/plugins/com.st.stm32cube.ide.mcu.externaltools.gnu-tools-for-stm32.11.3.rel1.linux64_1.1.100.202309141235/tools/bin/../lib/gcc/arm-none-eabi/11.3.1/../../../../arm-none-eabi/lib/thumb/v7-m/nofp/libc_nano.a(libc_a-findfp.o)
                0x0000000008002ccc                __sfp_lock_acquire
 .text.__sfp_lock_release
                0x0000000008002cd8        0xc /home/nikhi/st/stm32cubeide_1.14.0/plugins/com.st.stm32cube.ide.mcu.externaltools.gnu-tools-for-stm32.11.3.rel1.linux64_1.1.100.202309141235/tools/bin/../lib/gcc/arm-none-eabi/11.3.1/../../../../arm-none-eabi/lib/thumb/v7-m/nofp/libc_nano.a(libc_a-findfp.o)
                0x0000000008002cd8                __sfp_lock_release
 .text.__sinit  0x0000000008002ce4       0x30 /home/nikhi/st/stm32cubeide_1.14.0/plugins/com.st.stm32cube.ide.mcu.externaltools.gnu-tools-for-stm32.11.3.rel1.linux64_1.1.100.202309141235/tools/bin/../lib/gcc/arm-none-eabi/11.3.1/../../../../arm-none-eabi/lib/thumb/v7-m/nofp/libc_nano.a(libc_a-findfp.o)
                0x0000000008002ce4                __sinit
 .text._fwalk_sglue
                0x0000000008002d14       0x3c /home/nikhi/st/stm32cubeide_1.14.0/plugins/com.st.stm32cube.ide.mcu.externaltools.gnu-tools-for-stm32.11.3.rel1.linux64_1.1.100.202309141235/tools/bin/../lib/gcc/arm-none-eabi/11.3.1/../../../../arm-none-eabi/lib/thumb/v7-m/nofp/libc_nano.a(libc_a-fwalk.o)
                0x0000000008002d14                _fwalk_sglue
 .text.printf   0x0000000008002d50       0x24 /home/nikhi/st/stm32cubeide_1.14.0/plugins/com.st.stm32cube.ide.mcu.externaltools.gnu-tools-for-stm32.11.3.rel1.linux64_1.1.100.202309141235/tools/bin/../lib/gcc/arm-none-eabi/11.3.1/../../../../arm-none-eabi/lib/thumb/v7-m/nofp/libc_nano.a(libc_a-printf.o)
                0x0000000008002d50                printf
                0x0000000008002d50                iprintf
 .text.__sread  0x0000000008002d74       0x22 /home/nikhi/st/stm32cubeide_1.14.0/plugins/com.st.stm32cube.ide.mcu.externaltools.gnu-tools-for-stm32.11.3.rel1.linux64_1.1.100.202309141235/tools/bin/../lib/gcc/arm-none-eabi/11.3.1/../../../../arm-none-eabi/lib/thumb/v7-m/nofp/libc_nano.a(libc_a-stdio.o)
                0x0000000008002d74                __sread
 .text.__swrite
                0x0000000008002d96       0x38 /home/nikhi/st/stm32cubeide_1.14.0/plugins/com.st.stm32cube.ide.mcu.externaltools.gnu-tools-for-stm32.11.3.rel1.linux64_1.1.100.202309141235/tools/bin/../lib/gcc/arm-none-eabi/11.3.1/../../../../arm-none-eabi/lib/thumb/v7-m/nofp/libc_nano.a(libc_a-stdio.o)
                0x0000000008002d96                __swrite
 .text.__sseek  0x0000000008002dce       0x24 /home/nikhi/st/stm32cubeide_1.14.0/plugins/com.st.stm32cube.ide.mcu.externaltools.gnu-tools-for-stm32.11.3.rel1.linux64_1.1.100.202309141235/tools/bin/../lib/gcc/arm-none-eabi/11.3.1/../../../../arm-none-eabi/lib/thumb/v7-m/nofp/libc_nano.a(libc_a-stdio.o)
                0x0000000008002dce                __sseek
 .text.__sclose
                0x0000000008002df2        0x8 /home/nikhi/st/stm32cubeide_1.14.0/plugins/com.st.stm32cube.ide.mcu.externaltools.gnu-tools-for-stm32.11.3.rel1.linux64_1.1.100.202309141235/tools/bin/../lib/gcc/arm-none-eabi/11.3.1/../../../../arm-none-eabi/lib/thumb/v7-m/nofp/libc_nano.a(libc_a-stdio.o)
                0x0000000008002df2                __sclose
 .text.memset   0x0000000008002dfa       0x10 /home/nikhi/st/stm32cubeide_1.14.0/plugins/com.st.stm32cube.ide.mcu.externaltools.gnu-tools-for-stm32.11.3.rel1.linux64_1.1.100.202309141235/tools/bin/../lib/gcc/arm-none-eabi/11.3.1/../../../../arm-none-eabi/lib/thumb/v7-m/nofp/libc_nano.a(libc_a-memset.o)
                0x0000000008002dfa                memset
 *fill*         0x0000000008002e0a        0x2 
 .text._close_r
                0x0000000008002e0c       0x20 /home/nikhi/st/stm32cubeide_1.14.0/plugins/com.st.stm32cube.ide.mcu.externaltools.gnu-tools-for-stm32.11.3.rel1.linux64_1.1.100.202309141235/tools/bin/../lib/gcc/arm-none-eabi/11.3.1/../../../../arm-none-eabi/lib/thumb/v7-m/nofp/libc_nano.a(libc_a-closer.o)
                0x0000000008002e0c                _close_r
 .text._lseek_r
                0x0000000008002e2c       0x24 /home/nikhi/st/stm32cubeide_1.14.0/plugins/com.st.stm32cube.ide.mcu.externaltools.gnu-tools-for-stm32.11.3.rel1.linux64_1.1.100.202309141235/tools/bin/../lib/gcc/arm-none-eabi/11.3.1/../../../../arm-none-eabi/lib/thumb/v7-m/nofp/libc_nano.a(libc_a-lseekr.o)
                0x0000000008002e2c                _lseek_r
 .text._read_r  0x0000000008002e50       0x24 /home/nikhi/st/stm32cubeide_1.14.0/plugins/com.st.stm32cube.ide.mcu.externaltools.gnu-tools-for-stm32.11.3.rel1.linux64_1.1.100.202309141235/tools/bin/../lib/gcc/arm-none-eabi/11.3.1/../../../../arm-none-eabi/lib/thumb/v7-m/nofp/libc_nano.a(libc_a-readr.o)
                0x0000000008002e50                _read_r
 .text._write_r
                0x0000000008002e74       0x24 /home/nikhi/st/stm32cubeide_1.14.0/plugins/com.st.stm32cube.ide.mcu.externaltools.gnu-tools-for-stm32.11.3.rel1.linux64_1.1.100.202309141235/tools/bin/../lib/gcc/arm-none-eabi/11.3.1/../../../../arm-none-eabi/lib/thumb/v7-m/nofp/libc_nano.a(libc_a-writer.o)
                0x0000000008002e74                _write_r
 .text.__errno  0x0000000008002e98        0xc /home/nikhi/st/stm32cubeide_1.14.0/plugins/com.st.stm32cube.ide.mcu.externaltools.gnu-tools-for-stm32.11.3.rel1.linux64_1.1.100.202309141235/tools/bin/../lib/gcc/arm-none-eabi/11.3.1/../../../../arm-none-eabi/lib/thumb/v7-m/nofp/libc_nano.a(libc_a-errno.o)
                0x0000000008002e98                __errno
 .text.__libc_init_array
                0x0000000008002ea4       0x48 /home/nikhi/st/stm32cubeide_1.14.0/plugins/com.st.stm32cube.ide.mcu.externaltools.gnu-tools-for-stm32.11.3.rel1.linux64_1.1.100.202309141235/tools/bin/../lib/gcc/arm-none-eabi/11.3.1/../../../../arm-none-eabi/lib/thumb/v7-m/nofp/libc_nano.a(libc_a-init.o)
                0x0000000008002ea4                __libc_init_array
 .text.__retarget_lock_init_recursive
                0x0000000008002eec        0x2 /home/nikhi/st/stm32cubeide_1.14.0/plugins/com.st.stm32cube.ide.mcu.externaltools.gnu-tools-for-stm32.11.3.rel1.linux64_1.1.100.202309141235/tools/bin/../lib/gcc/arm-none-eabi/11.3.1/../../../../arm-none-eabi/lib/thumb/v7-m/nofp/libc_nano.a(libc_a-lock.o)
                0x0000000008002eec                __retarget_lock_init_recursive
 .text.__retarget_lock_acquire_recursive
                0x0000000008002eee        0x2 /home/nikhi/st/stm32cubeide_1.14.0/plugins/com.st.stm32cube.ide.mcu.externaltools.gnu-tools-for-stm32.11.3.rel1.linux64_1.1.100.202309141235/tools/bin/../lib/gcc/arm-none-eabi/11.3.1/../../../../arm-none-eabi/lib/thumb/v7-m/nofp/libc_nano.a(libc_a-lock.o)
                0x0000000008002eee                __retarget_lock_acquire_recursive
 .text.__retarget_lock_release_recursive
                0x0000000008002ef0        0x2 /home/nikhi/st/stm32cubeide_1.14.0/plugins/com.st.stm32cube.ide.mcu.externaltools.gnu-tools-for-stm32.11.3.rel1.linux64_1.1.100.202309141235/tools/bin/../lib/gcc/arm-none-eabi/11.3.1/../../../../arm-none-eabi/lib/thumb/v7-m/nofp/libc_nano.a(libc_a-lock.o)
                0x0000000008002ef0                __retarget_lock_release_recursive
 *fill*         0x0000000008002ef2        0x2 
 .text._free_r  0x0000000008002ef4       0x90 /home/nikhi/st/stm32cubeide_1.14.0/plugins/com.st.stm32cube.ide.mcu.externaltools.gnu-tools-for-stm32.11.3.rel1.linux64_1.1.100.202309141235/tools/bin/../lib/gcc/arm-none-eabi/11.3.1/../../../../arm-none-eabi/lib/thumb/v7-m/nofp/libc_nano.a(libc_a-freer.o)
                0x0000000008002ef4                _free_r
 .text.sbrk_aligned
                0x0000000008002f84       0x40 /home/nikhi/st/stm32cubeide_1.14.0/plugins/com.st.stm32cube.ide.mcu.externaltools.gnu-tools-for-stm32.11.3.rel1.linux64_1.1.100.202309141235/tools/bin/../lib/gcc/arm-none-eabi/11.3.1/../../../../arm-none-eabi/lib/thumb/v7-m/nofp/libc_nano.a(libc_a-mallocr.o)
 .text._malloc_r
                0x0000000008002fc4      0x100 /home/nikhi/st/stm32cubeide_1.14.0/plugins/com.st.stm32cube.ide.mcu.externaltools.gnu-tools-for-stm32.11.3.rel1.linux64_1.1.100.202309141235/tools/bin/../lib/gcc/arm-none-eabi/11.3.1/../../../../arm-none-eabi/lib/thumb/v7-m/nofp/libc_nano.a(libc_a-mallocr.o)
                0x0000000008002fc4                _malloc_r
 .text.__malloc_lock
                0x00000000080030c4        0xc /home/nikhi/st/stm32cubeide_1.14.0/plugins/com.st.stm32cube.ide.mcu.externaltools.gnu-tools-for-stm32.11.3.rel1.linux64_1.1.100.202309141235/tools/bin/../lib/gcc/arm-none-eabi/11.3.1/../../../../arm-none-eabi/lib/thumb/v7-m/nofp/libc_nano.a(libc_a-mlock.o)
                0x00000000080030c4                __malloc_lock
 .text.__malloc_unlock
                0x00000000080030d0        0xc /home/nikhi/st/stm32cubeide_1.14.0/plugins/com.st.stm32cube.ide.mcu.externaltools.gnu-tools-for-stm32.11.3.rel1.linux64_1.1.100.202309141235/tools/bin/../lib/gcc/arm-none-eabi/11.3.1/../../../../arm-none-eabi/lib/thumb/v7-m/nofp/libc_nano.a(libc_a-mlock.o)
                0x00000000080030d0                __malloc_unlock
 .text.__sfputc_r
                0x00000000080030dc       0x2a /home/nikhi/st/stm32cubeide_1.14.0/plugins/com.st.stm32cube.ide.mcu.externaltools.gnu-tools-for-stm32.11.3.rel1.linux64_1.1.100.202309141235/tools/bin/../lib/gcc/arm-none-eabi/11.3.1/../../../../arm-none-eabi/lib/thumb/v7-m/nofp/libc_nano.a(libc_a-nano-vfprintf.o)
 .text.__sfputs_r
                0x0000000008003106       0x24 /home/nikhi/st/stm32cubeide_1.14.0/plugins/com.st.stm32cube.ide.mcu.externaltools.gnu-tools-for-stm32.11.3.rel1.linux64_1.1.100.202309141235/tools/bin/../lib/gcc/arm-none-eabi/11.3.1/../../../../arm-none-eabi/lib/thumb/v7-m/nofp/libc_nano.a(libc_a-nano-vfprintf.o)
                0x0000000008003106                __sfputs_r
 *fill*         0x000000000800312a        0x2 
 .text._vfprintf_r
                0x000000000800312c      0x234 /home/nikhi/st/stm32cubeide_1.14.0/plugins/com.st.stm32cube.ide.mcu.externaltools.gnu-tools-for-stm32.11.3.rel1.linux64_1.1.100.202309141235/tools/bin/../lib/gcc/arm-none-eabi/11.3.1/../../../../arm-none-eabi/lib/thumb/v7-m/nofp/libc_nano.a(libc_a-nano-vfprintf.o)
                0x000000000800312c                _vfiprintf_r
                0x000000000800312c                _vfprintf_r
 .text._printf_common
                0x0000000008003360       0xe4 /home/nikhi/st/stm32cubeide_1.14.0/plugins/com.st.stm32cube.ide.mcu.externaltools.gnu-tools-for-stm32.11.3.rel1.linux64_1.1.100.202309141235/tools/bin/../lib/gcc/arm-none-eabi/11.3.1/../../../../arm-none-eabi/lib/thumb/v7-m/nofp/libc_nano.a(libc_a-nano-vfprintf_i.o)
                0x0000000008003360                _printf_common
 .text._printf_i
                0x0000000008003444      0x244 /home/nikhi/st/stm32cubeide_1.14.0/plugins/com.st.stm32cube.ide.mcu.externaltools.gnu-tools-for-stm32.11.3.rel1.linux64_1.1.100.202309141235/tools/bin/../lib/gcc/arm-none-eabi/11.3.1/../../../../arm-none-eabi/lib/thumb/v7-m/nofp/libc_nano.a(libc_a-nano-vfprintf_i.o)
                0x0000000008003444                _printf_i
 .text.__sflush_r
                0x0000000008003688      0x104 /home/nikhi/st/stm32cubeide_1.14.0/plugins/com.st.stm32cube.ide.mcu.externaltools.gnu-tools-for-stm32.11.3.rel1.linux64_1.1.100.202309141235/tools/bin/../lib/gcc/arm-none-eabi/11.3.1/../../../../arm-none-eabi/lib/thumb/v7-m/nofp/libc_nano.a(libc_a-fflush.o)
                0x0000000008003688                __sflush_r
 .text._fflush_r
                0x000000000800378c       0x50 /home/nikhi/st/stm32cubeide_1.14.0/plugins/com.st.stm32cube.ide.mcu.externaltools.gnu-tools-for-stm32.11.3.rel1.linux64_1.1.100.202309141235/tools/bin/../lib/gcc/arm-none-eabi/11.3.1/../../../../arm-none-eabi/lib/thumb/v7-m/nofp/libc_nano.a(libc_a-fflush.o)
                0x000000000800378c                _fflush_r
 .text.__swbuf_r
                0x00000000080037dc       0x7a /home/nikhi/st/stm32cubeide_1.14.0/plugins/com.st.stm32cube.ide.mcu.externaltools.gnu-tools-for-stm32.11.3.rel1.linux64_1.1.100.202309141235/tools/bin/../lib/gcc/arm-none-eabi/11.3.1/../../../../arm-none-eabi/lib/thumb/v7-m/nofp/libc_nano.a(libc_a-wbuf.o)
                0x00000000080037dc                __swbuf_r
 *fill*         0x0000000008003856        0x2 
 .text.__swsetup_r
                0x0000000008003858       0xb0 /home/nikhi/st/stm32cubeide_1.14.0/plugins/com.st.stm32cube.ide.mcu.externaltools.gnu-tools-for-stm32.11.3.rel1.linux64_1.1.100.202309141235/tools/bin/../lib/gcc/arm-none-eabi/11.3.1/../../../../arm-none-eabi/lib/thumb/v7-m/nofp/libc_nano.a(libc_a-wsetup.o)
                0x0000000008003858                __swsetup_r
 .text._sbrk_r  0x0000000008003908       0x20 /home/nikhi/st/stm32cubeide_1.14.0/plugins/com.st.stm32cube.ide.mcu.externaltools.gnu-tools-for-stm32.11.3.rel1.linux64_1.1.100.202309141235/tools/bin/../lib/gcc/arm-none-eabi/11.3.1/../../../../arm-none-eabi/lib/thumb/v7-m/nofp/libc_nano.a(libc_a-sbrkr.o)
                0x0000000008003908                _sbrk_r
 .text.memchr   0x0000000008003928       0x1c /home/nikhi/st/stm32cubeide_1.14.0/plugins/com.st.stm32cube.ide.mcu.externaltools.gnu-tools-for-stm32.11.3.rel1.linux64_1.1.100.202309141235/tools/bin/../lib/gcc/arm-none-eabi/11.3.1/../../../../arm-none-eabi/lib/thumb/v7-m/nofp/libc_nano.a(libc_a-memchr-stub.o)
                0x0000000008003928                memchr
 .text.__swhatbuf_r
                0x0000000008003944       0x4a /home/nikhi/st/stm32cubeide_1.14.0/plugins/com.st.stm32cube.ide.mcu.externaltools.gnu-tools-for-stm32.11.3.rel1.linux64_1.1.100.202309141235/tools/bin/../lib/gcc/arm-none-eabi/11.3.1/../../../../arm-none-eabi/lib/thumb/v7-m/nofp/libc_nano.a(libc_a-makebuf.o)
                0x0000000008003944                __swhatbuf_r
 .text.__smakebuf_r
                0x000000000800398e       0x78 /home/nikhi/st/stm32cubeide_1.14.0/plugins/com.st.stm32cube.ide.mcu.externaltools.gnu-tools-for-stm32.11.3.rel1.linux64_1.1.100.202309141235/tools/bin/../lib/gcc/arm-none-eabi/11.3.1/../../../../arm-none-eabi/lib/thumb/v7-m/nofp/libc_nano.a(libc_a-makebuf.o)
                0x000000000800398e                __smakebuf_r
 *fill*         0x0000000008003a06        0x2 
 .text._fstat_r
                0x0000000008003a08       0x24 /home/nikhi/st/stm32cubeide_1.14.0/plugins/com.st.stm32cube.ide.mcu.externaltools.gnu-tools-for-stm32.11.3.rel1.linux64_1.1.100.202309141235/tools/bin/../lib/gcc/arm-none-eabi/11.3.1/../../../../arm-none-eabi/lib/thumb/v7-m/nofp/libc_nano.a(libc_a-fstatr.o)
                0x0000000008003a08                _fstat_r
 .text._isatty_r
                0x0000000008003a2c       0x20 /home/nikhi/st/stm32cubeide_1.14.0/plugins/com.st.stm32cube.ide.mcu.externaltools.gnu-tools-for-stm32.11.3.rel1.linux64_1.1.100.202309141235/tools/bin/../lib/gcc/arm-none-eabi/11.3.1/../../../../arm-none-eabi/lib/thumb/v7-m/nofp/libc_nano.a(libc_a-isattyr.o)
                0x0000000008003a2c                _isatty_r
 *(.glue_7)
 .glue_7        0x0000000008003a4c        0x0 linker stubs
 *(.glue_7t)
 .glue_7t       0x0000000008003a4c        0x0 linker stubs
 *(.eh_frame)
 .eh_frame      0x0000000008003a4c        0x0 /home/nikhi/st/stm32cubeide_1.14.0/plugins/com.st.stm32cube.ide.mcu.externaltools.gnu-tools-for-stm32.11.3.rel1.linux64_1.1.100.202309141235/tools/bin/../lib/gcc/arm-none-eabi/11.3.1/thumb/v7-m/nofp/crtbegin.o
 *(.init)
 .init          0x0000000008003a4c        0x4 /home/nikhi/st/stm32cubeide_1.14.0/plugins/com.st.stm32cube.ide.mcu.externaltools.gnu-tools-for-stm32.11.3.rel1.linux64_1.1.100.202309141235/tools/bin/../lib/gcc/arm-none-eabi/11.3.1/thumb/v7-m/nofp/crti.o
                0x0000000008003a4c                _init
 .init          0x0000000008003a50        0x8 /home/nikhi/st/stm32cubeide_1.14.0/plugins/com.st.stm32cube.ide.mcu.externaltools.gnu-tools-for-stm32.11.3.rel1.linux64_1.1.100.202309141235/tools/bin/../lib/gcc/arm-none-eabi/11.3.1/thumb/v7-m/nofp/crtn.o
 *(.fini)
 .fini          0x0000000008003a58        0x4 /home/nikhi/st/stm32cubeide_1.14.0/plugins/com.st.stm32cube.ide.mcu.externaltools.gnu-tools-for-stm32.11.3.rel1.linux64_1.1.100.202309141235/tools/bin/../lib/gcc/arm-none-eabi/11.3.1/thumb/v7-m/nofp/crti.o
                0x0000000008003a58                _fini
 .fini          0x0000000008003a5c        0x8 /home/nikhi/st/stm32cubeide_1.14.0/plugins/com.st.stm32cube.ide.mcu.externaltools.gnu-tools-for-stm32.11.3.rel1.linux64_1.1.100.202309141235/tools/bin/../lib/gcc/arm-none-eabi/11.3.1/thumb/v7-m/nofp/crtn.o
                0x0000000008003a64                . = ALIGN (0x4)
                0x0000000008003a64                _etext = .

.vfp11_veneer   0x0000000008003a64        0x0
 .vfp11_veneer  0x0000000008003a64        0x0 linker stubs

.v4_bx          0x0000000008003a64        0x0
 .v4_bx         0x0000000008003a64        0x0 linker stubs

.iplt           0x0000000008003a64        0x0
 .iplt          0x0000000008003a64        0x0 /home/nikhi/st/stm32cubeide_1.14.0/plugins/com.st.stm32cube.ide.mcu.externaltools.gnu-tools-for-stm32.11.3.rel1.linux64_1.1.100.202309141235/tools/bin/../lib/gcc/arm-none-eabi/11.3.1/thumb/v7-m/nofp/crtbegin.o

.rodata         0x0000000008003a64       0x84
                0x0000000008003a64                . = ALIGN (0x4)
 *(.rodata)
 .rodata        0x0000000008003a64        0xf ./Core/Src/main.o
 *(.rodata*)
 *fill*         0x0000000008003a73        0x1 
 .rodata.AHBPrescTable
                0x0000000008003a74       0x10 ./Core/Src/system_stm32f1xx.o
                0x0000000008003a74                AHBPrescTable
 .rodata.APBPrescTable
                0x0000000008003a84        0x8 ./Core/Src/system_stm32f1xx.o
                0x0000000008003a84                APBPrescTable
 .rodata.aPLLMULFactorTable.1
                0x0000000008003a8c       0x10 ./Drivers/STM32F1xx_HAL_Driver/stm32f1xx_hal_rcc.o
 .rodata.aPredivFactorTable.0
                0x0000000008003a9c        0x2 ./Drivers/STM32F1xx_HAL_Driver/stm32f1xx_hal_rcc.o
 *fill*         0x0000000008003a9e        0x2 
 .rodata.aPLLMULFactorTable.1
                0x0000000008003aa0       0x10 ./Drivers/STM32F1xx_HAL_Driver/stm32f1xx_hal_rcc_ex.o
 .rodata.aPredivFactorTable.0
                0x0000000008003ab0        0x2 ./Drivers/STM32F1xx_HAL_Driver/stm32f1xx_hal_rcc_ex.o
 .rodata._vfprintf_r.str1.1
                0x0000000008003ab2       0x11 /home/nikhi/st/stm32cubeide_1.14.0/plugins/com.st.stm32cube.ide.mcu.externaltools.gnu-tools-for-stm32.11.3.rel1.linux64_1.1.100.202309141235/tools/bin/../lib/gcc/arm-none-eabi/11.3.1/../../../../arm-none-eabi/lib/thumb/v7-m/nofp/libc_nano.a(libc_a-nano-vfprintf.o)
 .rodata._printf_i.str1.1
                0x0000000008003ac3       0x22 /home/nikhi/st/stm32cubeide_1.14.0/plugins/com.st.stm32cube.ide.mcu.externaltools.gnu-tools-for-stm32.11.3.rel1.linux64_1.1.100.202309141235/tools/bin/../lib/gcc/arm-none-eabi/11.3.1/../../../../arm-none-eabi/lib/thumb/v7-m/nofp/libc_nano.a(libc_a-nano-vfprintf_i.o)
                0x0000000008003ae8                . = ALIGN (0x4)
 *fill*         0x0000000008003ae5        0x3 

.rel.dyn        0x0000000008003ae8        0x0
 .rel.iplt      0x0000000008003ae8        0x0 /home/nikhi/st/stm32cubeide_1.14.0/plugins/com.st.stm32cube.ide.mcu.externaltools.gnu-tools-for-stm32.11.3.rel1.linux64_1.1.100.202309141235/tools/bin/../lib/gcc/arm-none-eabi/11.3.1/thumb/v7-m/nofp/crtbegin.o

.ARM.extab      0x0000000008003ae8        0x0
                0x0000000008003ae8                . = ALIGN (0x4)
 *(.ARM.extab* .gnu.linkonce.armextab.*)
                0x0000000008003ae8                . = ALIGN (0x4)

.ARM            0x0000000008003ae8        0x0
                0x0000000008003ae8                . = ALIGN (0x4)
                0x0000000008003ae8                __exidx_start = .
 *(.ARM.exidx*)
                0x0000000008003ae8                __exidx_end = .
                0x0000000008003ae8                . = ALIGN (0x4)

.preinit_array  0x0000000008003ae8        0x0
                0x0000000008003ae8                . = ALIGN (0x4)
                0x0000000008003ae8                PROVIDE (__preinit_array_start = .)
 *(.preinit_array*)
                0x0000000008003ae8                PROVIDE (__preinit_array_end = .)
                0x0000000008003ae8                . = ALIGN (0x4)

.init_array     0x0000000008003ae8        0x4
                0x0000000008003ae8                . = ALIGN (0x4)
                0x0000000008003ae8                PROVIDE (__init_array_start = .)
 *(SORT_BY_NAME(.init_array.*))
 *(.init_array*)
 .init_array    0x0000000008003ae8        0x4 /home/nikhi/st/stm32cubeide_1.14.0/plugins/com.st.stm32cube.ide.mcu.externaltools.gnu-tools-for-stm32.11.3.rel1.linux64_1.1.100.202309141235/tools/bin/../lib/gcc/arm-none-eabi/11.3.1/thumb/v7-m/nofp/crtbegin.o
                0x0000000008003aec                PROVIDE (__init_array_end = .)
                0x0000000008003aec                . = ALIGN (0x4)

.fini_array     0x0000000008003aec        0x4
                0x0000000008003aec                . = ALIGN (0x4)
                [!provide]                        PROVIDE (__fini_array_start = .)
 *(SORT_BY_NAME(.fini_array.*))
 *(.fini_array*)
 .fini_array    0x0000000008003aec        0x4 /home/nikhi/st/stm32cubeide_1.14.0/plugins/com.st.stm32cube.ide.mcu.externaltools.gnu-tools-for-stm32.11.3.rel1.linux64_1.1.100.202309141235/tools/bin/../lib/gcc/arm-none-eabi/11.3.1/thumb/v7-m/nofp/crtbegin.o
                [!provide]                        PROVIDE (__fini_array_end = .)
                0x0000000008003af0                . = ALIGN (0x4)
                0x0000000008003af0                _sidata = LOADADDR (.data)

.data           0x0000000020000000       0x68 load address 0x0000000008003af0
                0x0000000020000000                . = ALIGN (0x4)
                0x0000000020000000                _sdata = .
 *(.data)
 *(.data*)
 .data.SystemCoreClock
                0x0000000020000000        0x4 ./Core/Src/system_stm32f1xx.o
                0x0000000020000000                SystemCoreClock
 .data.uwTickPrio
                0x0000000020000004        0x4 ./Drivers/STM32F1xx_HAL_Driver/stm32f1xx_hal.o
                0x0000000020000004                uwTickPrio
 .data.uwTickFreq
                0x0000000020000008        0x1 ./Drivers/STM32F1xx_HAL_Driver/stm32f1xx_hal.o
                0x0000000020000008                uwTickFreq
 *fill*         0x0000000020000009        0x3 
 .data.__sglue  0x000000002000000c        0xc /home/nikhi/st/stm32cubeide_1.14.0/plugins/com.st.stm32cube.ide.mcu.externaltools.gnu-tools-for-stm32.11.3.rel1.linux64_1.1.100.202309141235/tools/bin/../lib/gcc/arm-none-eabi/11.3.1/../../../../arm-none-eabi/lib/thumb/v7-m/nofp/libc_nano.a(libc_a-findfp.o)
                0x000000002000000c                __sglue
 .data._impure_data
                0x0000000020000018       0x4c /home/nikhi/st/stm32cubeide_1.14.0/plugins/com.st.stm32cube.ide.mcu.externaltools.gnu-tools-for-stm32.11.3.rel1.linux64_1.1.100.202309141235/tools/bin/../lib/gcc/arm-none-eabi/11.3.1/../../../../arm-none-eabi/lib/thumb/v7-m/nofp/libc_nano.a(libc_a-impure.o)
                0x0000000020000018                _impure_data
 .data._impure_ptr
                0x0000000020000064        0x4 /home/nikhi/st/stm32cubeide_1.14.0/plugins/com.st.stm32cube.ide.mcu.externaltools.gnu-tools-for-stm32.11.3.rel1.linux64_1.1.100.202309141235/tools/bin/../lib/gcc/arm-none-eabi/11.3.1/../../../../arm-none-eabi/lib/thumb/v7-m/nofp/libc_nano.a(libc_a-impure.o)
                0x0000000020000064                _impure_ptr
 *(.RamFunc)
 *(.RamFunc*)
                0x0000000020000068                . = ALIGN (0x4)
                0x0000000020000068                _edata = .

.igot.plt       0x0000000020000068        0x0 load address 0x0000000008003b58
 .igot.plt      0x0000000020000068        0x0 /home/nikhi/st/stm32cubeide_1.14.0/plugins/com.st.stm32cube.ide.mcu.externaltools.gnu-tools-for-stm32.11.3.rel1.linux64_1.1.100.202309141235/tools/bin/../lib/gcc/arm-none-eabi/11.3.1/thumb/v7-m/nofp/crtbegin.o
                0x0000000020000068                . = ALIGN (0x4)

.bss            0x0000000020000068      0x1e8 load address 0x0000000008003b58
                0x0000000020000068                _sbss = .
                0x0000000020000068                __bss_start__ = _sbss
 *(.bss)
 .bss           0x0000000020000068       0x1c /home/nikhi/st/stm32cubeide_1.14.0/plugins/com.st.stm32cube.ide.mcu.externaltools.gnu-tools-for-stm32.11.3.rel1.linux64_1.1.100.202309141235/tools/bin/../lib/gcc/arm-none-eabi/11.3.1/thumb/v7-m/nofp/crtbegin.o
 *(.bss*)
 .bss.hadc1     0x0000000020000084       0x30 ./Core/Src/main.o
                0x0000000020000084                hadc1
 .bss.htim2     0x00000000200000b4       0x48 ./Core/Src/main.o
                0x00000000200000b4                htim2
 .bss.__sbrk_heap_end
                0x00000000200000fc        0x4 ./Core/Src/sysmem.o
 .bss.uwTick    0x0000000020000100        0x4 ./Drivers/STM32F1xx_HAL_Driver/stm32f1xx_hal.o
                0x0000000020000100                uwTick
 .bss.__sf      0x0000000020000104      0x138 /home/nikhi/st/stm32cubeide_1.14.0/plugins/com.st.stm32cube.ide.mcu.externaltools.gnu-tools-for-stm32.11.3.rel1.linux64_1.1.100.202309141235/tools/bin/../lib/gcc/arm-none-eabi/11.3.1/../../../../arm-none-eabi/lib/thumb/v7-m/nofp/libc_nano.a(libc_a-findfp.o)
                0x0000000020000104                __sf
 .bss.__stdio_exit_handler
                0x000000002000023c        0x4 /home/nikhi/st/stm32cubeide_1.14.0/plugins/com.st.stm32cube.ide.mcu.externaltools.gnu-tools-for-stm32.11.3.rel1.linux64_1.1.100.202309141235/tools/bin/../lib/gcc/arm-none-eabi/11.3.1/../../../../arm-none-eabi/lib/thumb/v7-m/nofp/libc_nano.a(libc_a-findfp.o)
                0x000000002000023c                __stdio_exit_handler
 .bss.errno     0x0000000020000240        0x4 /home/nikhi/st/stm32cubeide_1.14.0/plugins/com.st.stm32cube.ide.mcu.externaltools.gnu-tools-for-stm32.11.3.rel1.linux64_1.1.100.202309141235/tools/bin/../lib/gcc/arm-none-eabi/11.3.1/../../../../arm-none-eabi/lib/thumb/v7-m/nofp/libc_nano.a(libc_a-reent.o)
                0x0000000020000240                errno
 .bss.__lock___malloc_recursive_mutex
                0x0000000020000244        0x1 /home/nikhi/st/stm32cubeide_1.14.0/plugins/com.st.stm32cube.ide.mcu.externaltools.gnu-tools-for-stm32.11.3.rel1.linux64_1.1.100.202309141235/tools/bin/../lib/gcc/arm-none-eabi/11.3.1/../../../../arm-none-eabi/lib/thumb/v7-m/nofp/libc_nano.a(libc_a-lock.o)
                0x0000000020000244                __lock___malloc_recursive_mutex
 .bss.__lock___sfp_recursive_mutex
                0x0000000020000245        0x1 /home/nikhi/st/stm32cubeide_1.14.0/plugins/com.st.stm32cube.ide.mcu.externaltools.gnu-tools-for-stm32.11.3.rel1.linux64_1.1.100.202309141235/tools/bin/../lib/gcc/arm-none-eabi/11.3.1/../../../../arm-none-eabi/lib/thumb/v7-m/nofp/libc_nano.a(libc_a-lock.o)
                0x0000000020000245                __lock___sfp_recursive_mutex
 *fill*         0x0000000020000246        0x2 
 .bss.__malloc_free_list
                0x0000000020000248        0x4 /home/nikhi/st/stm32cubeide_1.14.0/plugins/com.st.stm32cube.ide.mcu.externaltools.gnu-tools-for-stm32.11.3.rel1.linux64_1.1.100.202309141235/tools/bin/../lib/gcc/arm-none-eabi/11.3.1/../../../../arm-none-eabi/lib/thumb/v7-m/nofp/libc_nano.a(libc_a-mallocr.o)
                0x0000000020000248                __malloc_free_list
 .bss.__malloc_sbrk_start
                0x000000002000024c        0x4 /home/nikhi/st/stm32cubeide_1.14.0/plugins/com.st.stm32cube.ide.mcu.externaltools.gnu-tools-for-stm32.11.3.rel1.linux64_1.1.100.202309141235/tools/bin/../lib/gcc/arm-none-eabi/11.3.1/../../../../arm-none-eabi/lib/thumb/v7-m/nofp/libc_nano.a(libc_a-mallocr.o)
                0x000000002000024c                __malloc_sbrk_start
 *(COMMON)
                0x0000000020000250                . = ALIGN (0x4)
                0x0000000020000250                _ebss = .
                0x0000000020000250                __bss_end__ = _ebss

._user_heap_stack
                0x0000000020000250      0x600 load address 0x0000000008003b58
                0x0000000020000250                . = ALIGN (0x8)
                [!provide]                        PROVIDE (end = .)
                0x0000000020000250                PROVIDE (_end = .)
                0x0000000020000450                . = (. + _Min_Heap_Size)
 *fill*         0x0000000020000250      0x200 
                0x0000000020000850                . = (. + _Min_Stack_Size)
 *fill*         0x0000000020000450      0x400 
                0x0000000020000850                . = ALIGN (0x8)

/DISCARD/
 libc.a(*)
 libm.a(*)
 libgcc.a(*)

.ARM.attributes
                0x0000000000000000       0x29
 *(.ARM.attributes)
 .ARM.attributes
                0x0000000000000000       0x1d /home/nikhi/st/stm32cubeide_1.14.0/plugins/com.st.stm32cube.ide.mcu.externaltools.gnu-tools-for-stm32.11.3.rel1.linux64_1.1.100.202309141235/tools/bin/../lib/gcc/arm-none-eabi/11.3.1/thumb/v7-m/nofp/crti.o
 .ARM.attributes
                0x000000000000001d       0x2d /home/nikhi/st/stm32cubeide_1.14.0/plugins/com.st.stm32cube.ide.mcu.externaltools.gnu-tools-for-stm32.11.3.rel1.linux64_1.1.100.202309141235/tools/bin/../lib/gcc/arm-none-eabi/11.3.1/thumb/v7-m/nofp/crtbegin.o
 .ARM.attributes
                0x000000000000004a       0x2d ./Core/Src/main.o
 .ARM.attributes
                0x0000000000000077       0x2d ./Core/Src/stm32f1xx_hal_msp.o
 .ARM.attributes
                0x00000000000000a4       0x2d ./Core/Src/stm32f1xx_it.o
 .ARM.attributes
                0x00000000000000d1       0x2d ./Core/Src/syscalls.o
 .ARM.attributes
                0x00000000000000fe       0x2d ./Core/Src/sysmem.o
 .ARM.attributes
                0x000000000000012b       0x2d ./Core/Src/system_stm32f1xx.o
 .ARM.attributes
                0x0000000000000158       0x21 ./Core/Startup/startup_stm32f103c6tx.o
 .ARM.attributes
                0x0000000000000179       0x2d ./Drivers/STM32F1xx_HAL_Driver/stm32f1xx_hal.o
 .ARM.attributes
                0x00000000000001a6       0x2d ./Drivers/STM32F1xx_HAL_Driver/stm32f1xx_hal_adc.o
 .ARM.attributes
                0x00000000000001d3       0x2d ./Drivers/STM32F1xx_HAL_Driver/stm32f1xx_hal_adc_ex.o
 .ARM.attributes
                0x0000000000000200       0x2d ./Drivers/STM32F1xx_HAL_Driver/stm32f1xx_hal_cortex.o
 .ARM.attributes
                0x000000000000022d       0x2d ./Drivers/STM32F1xx_HAL_Driver/stm32f1xx_hal_gpio.o
 .ARM.attributes
                0x000000000000025a       0x2d ./Drivers/STM32F1xx_HAL_Driver/stm32f1xx_hal_rcc.o
 .ARM.attributes
                0x0000000000000287       0x2d ./Drivers/STM32F1xx_HAL_Driver/stm32f1xx_hal_rcc_ex.o
 .ARM.attributes
                0x00000000000002b4       0x2d ./Drivers/STM32F1xx_HAL_Driver/stm32f1xx_hal_tim.o
 .ARM.attributes
                0x00000000000002e1       0x2d ./Drivers/STM32F1xx_HAL_Driver/stm32f1xx_hal_tim_ex.o
 .ARM.attributes
                0x000000000000030e       0x2d /home/nikhi/st/stm32cubeide_1.14.0/plugins/com.st.stm32cube.ide.mcu.externaltools.gnu-tools-for-stm32.11.3.rel1.linux64_1.1.100.202309141235/tools/bin/../lib/gcc/arm-none-eabi/11.3.1/../../../../arm-none-eabi/lib/thumb/v7-m/nofp/libc_nano.a(libc_a-findfp.o)
 .ARM.attributes
                0x000000000000033b       0x2d /home/nikhi/st/stm32cubeide_1.14.0/plugins/com.st.stm32cube.ide.mcu.externaltools.gnu-tools-for-stm32.11.3.rel1.linux64_1.1.100.202309141235/tools/bin/../lib/gcc/arm-none-eabi/11.3.1/../../../../arm-none-eabi/lib/thumb/v7-m/nofp/libc_nano.a(libc_a-fwalk.o)
 .ARM.attributes
                0x0000000000000368       0x2d /home/nikhi/st/stm32cubeide_1.14.0/plugins/com.st.stm32cube.ide.mcu.externaltools.gnu-tools-for-stm32.11.3.rel1.linux64_1.1.100.202309141235/tools/bin/../lib/gcc/arm-none-eabi/11.3.1/../../../../arm-none-eabi/lib/thumb/v7-m/nofp/libc_nano.a(libc_a-printf.o)
 .ARM.attributes
                0x0000000000000395       0x2d /home/nikhi/st/stm32cubeide_1.14.0/plugins/com.st.stm32cube.ide.mcu.externaltools.gnu-tools-for-stm32.11.3.rel1.linux64_1.1.100.202309141235/tools/bin/../lib/gcc/arm-none-eabi/11.3.1/../../../../arm-none-eabi/lib/thumb/v7-m/nofp/libc_nano.a(libc_a-stdio.o)
 .ARM.attributes
                0x00000000000003c2       0x2d /home/nikhi/st/stm32cubeide_1.14.0/plugins/com.st.stm32cube.ide.mcu.externaltools.gnu-tools-for-stm32.11.3.rel1.linux64_1.1.100.202309141235/tools/bin/../lib/gcc/arm-none-eabi/11.3.1/../../../../arm-none-eabi/lib/thumb/v7-m/nofp/libc_nano.a(libc_a-memset.o)
 .ARM.attributes
                0x00000000000003ef       0x2d /home/nikhi/st/stm32cubeide_1.14.0/plugins/com.st.stm32cube.ide.mcu.externaltools.gnu-tools-for-stm32.11.3.rel1.linux64_1.1.100.202309141235/tools/bin/../lib/gcc/arm-none-eabi/11.3.1/../../../../arm-none-eabi/lib/thumb/v7-m/nofp/libc_nano.a(libc_a-closer.o)
 .ARM.attributes
                0x000000000000041c       0x2d /home/nikhi/st/stm32cubeide_1.14.0/plugins/com.st.stm32cube.ide.mcu.externaltools.gnu-tools-for-stm32.11.3.rel1.linux64_1.1.100.202309141235/tools/bin/../lib/gcc/arm-none-eabi/11.3.1/../../../../arm-none-eabi/lib/thumb/v7-m/nofp/libc_nano.a(libc_a-reent.o)
 .ARM.attributes
                0x0000000000000449       0x2d /home/nikhi/st/stm32cubeide_1.14.0/plugins/com.st.stm32cube.ide.mcu.externaltools.gnu-tools-for-stm32.11.3.rel1.linux64_1.1.100.202309141235/tools/bin/../lib/gcc/arm-none-eabi/11.3.1/../../../../arm-none-eabi/lib/thumb/v7-m/nofp/libc_nano.a(libc_a-impure.o)
 .ARM.attributes
                0x0000000000000476       0x2d /home/nikhi/st/stm32cubeide_1.14.0/plugins/com.st.stm32cube.ide.mcu.externaltools.gnu-tools-for-stm32.11.3.rel1.linux64_1.1.100.202309141235/tools/bin/../lib/gcc/arm-none-eabi/11.3.1/../../../../arm-none-eabi/lib/thumb/v7-m/nofp/libc_nano.a(libc_a-lseekr.o)
 .ARM.attributes
                0x00000000000004a3       0x2d /home/nikhi/st/stm32cubeide_1.14.0/plugins/com.st.stm32cube.ide.mcu.externaltools.gnu-tools-for-stm32.11.3.rel1.linux64_1.1.100.202309141235/tools/bin/../lib/gcc/arm-none-eabi/11.3.1/../../../../arm-none-eabi/lib/thumb/v7-m/nofp/libc_nano.a(libc_a-readr.o)
 .ARM.attributes
                0x00000000000004d0       0x2d /home/nikhi/st/stm32cubeide_1.14.0/plugins/com.st.stm32cube.ide.mcu.externaltools.gnu-tools-for-stm32.11.3.rel1.linux64_1.1.100.202309141235/tools/bin/../lib/gcc/arm-none-eabi/11.3.1/../../../../arm-none-eabi/lib/thumb/v7-m/nofp/libc_nano.a(libc_a-writer.o)
 .ARM.attributes
                0x00000000000004fd       0x2d /home/nikhi/st/stm32cubeide_1.14.0/plugins/com.st.stm32cube.ide.mcu.externaltools.gnu-tools-for-stm32.11.3.rel1.linux64_1.1.100.202309141235/tools/bin/../lib/gcc/arm-none-eabi/11.3.1/../../../../arm-none-eabi/lib/thumb/v7-m/nofp/libc_nano.a(libc_a-errno.o)
 .ARM.attributes
                0x000000000000052a       0x2d /home/nikhi/st/stm32cubeide_1.14.0/plugins/com.st.stm32cube.ide.mcu.externaltools.gnu-tools-for-stm32.11.3.rel1.linux64_1.1.100.202309141235/tools/bin/../lib/gcc/arm-none-eabi/11.3.1/../../../../arm-none-eabi/lib/thumb/v7-m/nofp/libc_nano.a(libc_a-init.o)
 .ARM.attributes
                0x0000000000000557       0x2d /home/nikhi/st/stm32cubeide_1.14.0/plugins/com.st.stm32cube.ide.mcu.externaltools.gnu-tools-for-stm32.11.3.rel1.linux64_1.1.100.202309141235/tools/bin/../lib/gcc/arm-none-eabi/11.3.1/../../../../arm-none-eabi/lib/thumb/v7-m/nofp/libc_nano.a(libc_a-lock.o)
 .ARM.attributes
                0x0000000000000584       0x2d /home/nikhi/st/stm32cubeide_1.14.0/plugins/com.st.stm32cube.ide.mcu.externaltools.gnu-tools-for-stm32.11.3.rel1.linux64_1.1.100.202309141235/tools/bin/../lib/gcc/arm-none-eabi/11.3.1/../../../../arm-none-eabi/lib/thumb/v7-m/nofp/libc_nano.a(libc_a-freer.o)
 .ARM.attributes
                0x00000000000005b1       0x2d /home/nikhi/st/stm32cubeide_1.14.0/plugins/com.st.stm32cube.ide.mcu.externaltools.gnu-tools-for-stm32.11.3.rel1.linux64_1.1.100.202309141235/tools/bin/../lib/gcc/arm-none-eabi/11.3.1/../../../../arm-none-eabi/lib/thumb/v7-m/nofp/libc_nano.a(libc_a-mallocr.o)
 .ARM.attributes
                0x00000000000005de       0x2d /home/nikhi/st/stm32cubeide_1.14.0/plugins/com.st.stm32cube.ide.mcu.externaltools.gnu-tools-for-stm32.11.3.rel1.linux64_1.1.100.202309141235/tools/bin/../lib/gcc/arm-none-eabi/11.3.1/../../../../arm-none-eabi/lib/thumb/v7-m/nofp/libc_nano.a(libc_a-mlock.o)
 .ARM.attributes
                0x000000000000060b       0x2d /home/nikhi/st/stm32cubeide_1.14.0/plugins/com.st.stm32cube.ide.mcu.externaltools.gnu-tools-for-stm32.11.3.rel1.linux64_1.1.100.202309141235/tools/bin/../lib/gcc/arm-none-eabi/11.3.1/../../../../arm-none-eabi/lib/thumb/v7-m/nofp/libc_nano.a(libc_a-nano-vfprintf.o)
 .ARM.attributes
                0x0000000000000638       0x2d /home/nikhi/st/stm32cubeide_1.14.0/plugins/com.st.stm32cube.ide.mcu.externaltools.gnu-tools-for-stm32.11.3.rel1.linux64_1.1.100.202309141235/tools/bin/../lib/gcc/arm-none-eabi/11.3.1/../../../../arm-none-eabi/lib/thumb/v7-m/nofp/libc_nano.a(libc_a-nano-vfprintf_i.o)
 .ARM.attributes
                0x0000000000000665       0x2d /home/nikhi/st/stm32cubeide_1.14.0/plugins/com.st.stm32cube.ide.mcu.externaltools.gnu-tools-for-stm32.11.3.rel1.linux64_1.1.100.202309141235/tools/bin/../lib/gcc/arm-none-eabi/11.3.1/../../../../arm-none-eabi/lib/thumb/v7-m/nofp/libc_nano.a(libc_a-fflush.o)
 .ARM.attributes
                0x0000000000000692       0x2d /home/nikhi/st/stm32cubeide_1.14.0/plugins/com.st.stm32cube.ide.mcu.externaltools.gnu-tools-for-stm32.11.3.rel1.linux64_1.1.100.202309141235/tools/bin/../lib/gcc/arm-none-eabi/11.3.1/../../../../arm-none-eabi/lib/thumb/v7-m/nofp/libc_nano.a(libc_a-wbuf.o)
 .ARM.attributes
                0x00000000000006bf       0x2d /home/nikhi/st/stm32cubeide_1.14.0/plugins/com.st.stm32cube.ide.mcu.externaltools.gnu-tools-for-stm32.11.3.rel1.linux64_1.1.100.202309141235/tools/bin/../lib/gcc/arm-none-eabi/11.3.1/../../../../arm-none-eabi/lib/thumb/v7-m/nofp/libc_nano.a(libc_a-wsetup.o)
 .ARM.attributes
                0x00000000000006ec       0x2d /home/nikhi/st/stm32cubeide_1.14.0/plugins/com.st.stm32cube.ide.mcu.externaltools.gnu-tools-for-stm32.11.3.rel1.linux64_1.1.100.202309141235/tools/bin/../lib/gcc/arm-none-eabi/11.3.1/../../../../arm-none-eabi/lib/thumb/v7-m/nofp/libc_nano.a(libc_a-sbrkr.o)
 .ARM.attributes
                0x0000000000000719       0x2d /home/nikhi/st/stm32cubeide_1.14.0/plugins/com.st.stm32cube.ide.mcu.externaltools.gnu-tools-for-stm32.11.3.rel1.linux64_1.1.100.202309141235/tools/bin/../lib/gcc/arm-none-eabi/11.3.1/../../../../arm-none-eabi/lib/thumb/v7-m/nofp/libc_nano.a(libc_a-memchr-stub.o)
 .ARM.attributes
                0x0000000000000746       0x2d /home/nikhi/st/stm32cubeide_1.14.0/plugins/com.st.stm32cube.ide.mcu.externaltools.gnu-tools-for-stm32.11.3.rel1.linux64_1.1.100.202309141235/tools/bin/../lib/gcc/arm-none-eabi/11.3.1/../../../../arm-none-eabi/lib/thumb/v7-m/nofp/libc_nano.a(libc_a-makebuf.o)
 .ARM.attributes
                0x0000000000000773       0x2d /home/nikhi/st/stm32cubeide_1.14.0/plugins/com.st.stm32cube.ide.mcu.externaltools.gnu-tools-for-stm32.11.3.rel1.linux64_1.1.100.202309141235/tools/bin/../lib/gcc/arm-none-eabi/11.3.1/../../../../arm-none-eabi/lib/thumb/v7-m/nofp/libc_nano.a(libc_a-fstatr.o)
 .ARM.attributes
                0x00000000000007a0       0x2d /home/nikhi/st/stm32cubeide_1.14.0/plugins/com.st.stm32cube.ide.mcu.externaltools.gnu-tools-for-stm32.11.3.rel1.linux64_1.1.100.202309141235/tools/bin/../lib/gcc/arm-none-eabi/11.3.1/../../../../arm-none-eabi/lib/thumb/v7-m/nofp/libc_nano.a(libc_a-isattyr.o)
 .ARM.attributes
                0x00000000000007cd       0x1d /home/nikhi/st/stm32cubeide_1.14.0/plugins/com.st.stm32cube.ide.mcu.externaltools.gnu-tools-for-stm32.11.3.rel1.linux64_1.1.100.202309141235/tools/bin/../lib/gcc/arm-none-eabi/11.3.1/thumb/v7-m/nofp/crtn.o
OUTPUT(sensor_read.elf elf32-littlearm)
LOAD linker stubs
LOAD /home/nikhi/st/stm32cubeide_1.14.0/plugins/com.st.stm32cube.ide.mcu.externaltools.gnu-tools-for-stm32.11.3.rel1.linux64_1.1.100.202309141235/tools/bin/../lib/gcc/arm-none-eabi/11.3.1/../../../../arm-none-eabi/lib/thumb/v7-m/nofp/libc.a
LOAD /home/nikhi/st/stm32cubeide_1.14.0/plugins/com.st.stm32cube.ide.mcu.externaltools.gnu-tools-for-stm32.11.3.rel1.linux64_1.1.100.202309141235/tools/bin/../lib/gcc/arm-none-eabi/11.3.1/../../../../arm-none-eabi/lib/thumb/v7-m/nofp/libm.a
LOAD /home/nikhi/st/stm32cubeide_1.14.0/plugins/com.st.stm32cube.ide.mcu.externaltools.gnu-tools-for-stm32.11.3.rel1.linux64_1.1.100.202309141235/tools/bin/../lib/gcc/arm-none-eabi/11.3.1/thumb/v7-m/nofp/libgcc.a

.comment        0x0000000000000000       0x43
 .comment       0x0000000000000000       0x43 /home/nikhi/st/stm32cubeide_1.14.0/plugins/com.st.stm32cube.ide.mcu.externaltools.gnu-tools-for-stm32.11.3.rel1.linux64_1.1.100.202309141235/tools/bin/../lib/gcc/arm-none-eabi/11.3.1/thumb/v7-m/nofp/crtbegin.o
                                         0x44 (size before relaxing)
 .comment       0x0000000000000043       0x44 ./Core/Src/main.o
 .comment       0x0000000000000043       0x44 ./Core/Src/stm32f1xx_hal_msp.o
 .comment       0x0000000000000043       0x44 ./Core/Src/stm32f1xx_it.o
 .comment       0x0000000000000043       0x44 ./Core/Src/syscalls.o
 .comment       0x0000000000000043       0x44 ./Core/Src/sysmem.o
 .comment       0x0000000000000043       0x44 ./Core/Src/system_stm32f1xx.o
 .comment       0x0000000000000043       0x44 ./Drivers/STM32F1xx_HAL_Driver/stm32f1xx_hal.o
 .comment       0x0000000000000043       0x44 ./Drivers/STM32F1xx_HAL_Driver/stm32f1xx_hal_adc.o
 .comment       0x0000000000000043       0x44 ./Drivers/STM32F1xx_HAL_Driver/stm32f1xx_hal_adc_ex.o
 .comment       0x0000000000000043       0x44 ./Drivers/STM32F1xx_HAL_Driver/stm32f1xx_hal_cortex.o
 .comment       0x0000000000000043       0x44 ./Drivers/STM32F1xx_HAL_Driver/stm32f1xx_hal_gpio.o
 .comment       0x0000000000000043       0x44 ./Drivers/STM32F1xx_HAL_Driver/stm32f1xx_hal_rcc.o
 .comment       0x0000000000000043       0x44 ./Drivers/STM32F1xx_HAL_Driver/stm32f1xx_hal_rcc_ex.o
 .comment       0x0000000000000043       0x44 ./Drivers/STM32F1xx_HAL_Driver/stm32f1xx_hal_tim.o
 .comment       0x0000000000000043       0x44 ./Drivers/STM32F1xx_HAL_Driver/stm32f1xx_hal_tim_ex.o

.debug_info     0x0000000000000000     0x9d61
 .debug_info    0x0000000000000000      0xfa1 ./Core/Src/main.o
 .debug_info    0x0000000000000fa1      0xb98 ./Core/Src/stm32f1xx_hal_msp.o
 .debug_info    0x0000000000001b39      0x113 ./Core/Src/stm32f1xx_it.o
 .debug_info    0x0000000000001c4c      0x6a3 ./Core/Src/syscalls.o
 .debug_info    0x00000000000022ef      0x168 ./Core/Src/sysmem.o
 .debug_info    0x0000000000002457      0x222 ./Core/Src/system_stm32f1xx.o
 .debug_info    0x0000000000002679       0x23 ./Core/Startup/startup_stm32f103c6tx.o
 .debug_info    0x000000000000269c      0x6e6 ./Drivers/STM32F1xx_HAL_Driver/stm32f1xx_hal.o
 .debug_info    0x0000000000002d82      0xc50 ./Drivers/STM32F1xx_HAL_Driver/stm32f1xx_hal_adc.o
 .debug_info    0x00000000000039d2      0xa10 ./Drivers/STM32F1xx_HAL_Driver/stm32f1xx_hal_adc_ex.o
 .debug_info    0x00000000000043e2      0xa69 ./Drivers/STM32F1xx_HAL_Driver/stm32f1xx_hal_cortex.o
 .debug_info    0x0000000000004e4b      0x5ab ./Drivers/STM32F1xx_HAL_Driver/stm32f1xx_hal_gpio.o
 .debug_info    0x00000000000053f6      0x7d5 ./Drivers/STM32F1xx_HAL_Driver/stm32f1xx_hal_rcc.o
 .debug_info    0x0000000000005bcb      0x3c0 ./Drivers/STM32F1xx_HAL_Driver/stm32f1xx_hal_rcc_ex.o
 .debug_info    0x0000000000005f8b     0x293b ./Drivers/STM32F1xx_HAL_Driver/stm32f1xx_hal_tim.o
 .debug_info    0x00000000000088c6     0x149b ./Drivers/STM32F1xx_HAL_Driver/stm32f1xx_hal_tim_ex.o

.debug_abbrev   0x0000000000000000     0x1d10
 .debug_abbrev  0x0000000000000000      0x2a1 ./Core/Src/main.o
 .debug_abbrev  0x00000000000002a1      0x1d4 ./Core/Src/stm32f1xx_hal_msp.o
 .debug_abbrev  0x0000000000000475       0x73 ./Core/Src/stm32f1xx_it.o
 .debug_abbrev  0x00000000000004e8      0x1b6 ./Core/Src/syscalls.o
 .debug_abbrev  0x000000000000069e       0xbc ./Core/Src/sysmem.o
 .debug_abbrev  0x000000000000075a      0x13f ./Core/Src/system_stm32f1xx.o
 .debug_abbrev  0x0000000000000899       0x12 ./Core/Startup/startup_stm32f103c6tx.o
 .debug_abbrev  0x00000000000008ab      0x201 ./Drivers/STM32F1xx_HAL_Driver/stm32f1xx_hal.o
 .debug_abbrev  0x0000000000000aac      0x225 ./Drivers/STM32F1xx_HAL_Driver/stm32f1xx_hal_adc.o
 .debug_abbrev  0x0000000000000cd1      0x249 ./Drivers/STM32F1xx_HAL_Driver/stm32f1xx_hal_adc_ex.o
 .debug_abbrev  0x0000000000000f1a      0x2f8 ./Drivers/STM32F1xx_HAL_Driver/stm32f1xx_hal_cortex.o
 .debug_abbrev  0x0000000000001212      0x1ca ./Drivers/STM32F1xx_HAL_Driver/stm32f1xx_hal_gpio.o
 .debug_abbrev  0x00000000000013dc      0x2b3 ./Drivers/STM32F1xx_HAL_Driver/stm32f1xx_hal_rcc.o
 .debug_abbrev  0x000000000000168f      0x188 ./Drivers/STM32F1xx_HAL_Driver/stm32f1xx_hal_rcc_ex.o
 .debug_abbrev  0x0000000000001817      0x277 ./Drivers/STM32F1xx_HAL_Driver/stm32f1xx_hal_tim.o
 .debug_abbrev  0x0000000000001a8e      0x282 ./Drivers/STM32F1xx_HAL_Driver/stm32f1xx_hal_tim_ex.o

.debug_aranges  0x0000000000000000      0xba8
 .debug_aranges
                0x0000000000000000       0x48 ./Core/Src/main.o
 .debug_aranges
                0x0000000000000048       0x48 ./Core/Src/stm32f1xx_hal_msp.o
 .debug_aranges
                0x0000000000000090       0x60 ./Core/Src/stm32f1xx_it.o
 .debug_aranges
                0x00000000000000f0       0xa8 ./Core/Src/syscalls.o
 .debug_aranges
                0x0000000000000198       0x20 ./Core/Src/sysmem.o
 .debug_aranges
                0x00000000000001b8       0x28 ./Core/Src/system_stm32f1xx.o
 .debug_aranges
                0x00000000000001e0       0x28 ./Core/Startup/startup_stm32f103c6tx.o
 .debug_aranges
                0x0000000000000208       0xe0 ./Drivers/STM32F1xx_HAL_Driver/stm32f1xx_hal.o
 .debug_aranges
                0x00000000000002e8       0xf0 ./Drivers/STM32F1xx_HAL_Driver/stm32f1xx_hal_adc.o
 .debug_aranges
                0x00000000000003d8       0x80 ./Drivers/STM32F1xx_HAL_Driver/stm32f1xx_hal_adc_ex.o
 .debug_aranges
                0x0000000000000458      0x100 ./Drivers/STM32F1xx_HAL_Driver/stm32f1xx_hal_cortex.o
 .debug_aranges
                0x0000000000000558       0x58 ./Drivers/STM32F1xx_HAL_Driver/stm32f1xx_hal_gpio.o
 .debug_aranges
                0x00000000000005b0       0x90 ./Drivers/STM32F1xx_HAL_Driver/stm32f1xx_hal_rcc.o
 .debug_aranges
                0x0000000000000640       0x30 ./Drivers/STM32F1xx_HAL_Driver/stm32f1xx_hal_rcc_ex.o
 .debug_aranges
                0x0000000000000670      0x3d0 ./Drivers/STM32F1xx_HAL_Driver/stm32f1xx_hal_tim.o
 .debug_aranges
                0x0000000000000a40      0x168 ./Drivers/STM32F1xx_HAL_Driver/stm32f1xx_hal_tim_ex.o

.debug_rnglists
                0x0000000000000000      0x8f0
 .debug_rnglists
                0x0000000000000000       0x33 ./Core/Src/main.o
 .debug_rnglists
                0x0000000000000033       0x31 ./Core/Src/stm32f1xx_hal_msp.o
 .debug_rnglists
                0x0000000000000064       0x43 ./Core/Src/stm32f1xx_it.o
 .debug_rnglists
                0x00000000000000a7       0x79 ./Core/Src/syscalls.o
 .debug_rnglists
                0x0000000000000120       0x13 ./Core/Src/sysmem.o
 .debug_rnglists
                0x0000000000000133       0x1a ./Core/Src/system_stm32f1xx.o
 .debug_rnglists
                0x000000000000014d       0x19 ./Core/Startup/startup_stm32f103c6tx.o
 .debug_rnglists
                0x0000000000000166       0xa3 ./Drivers/STM32F1xx_HAL_Driver/stm32f1xx_hal.o
 .debug_rnglists
                0x0000000000000209       0xbc ./Drivers/STM32F1xx_HAL_Driver/stm32f1xx_hal_adc.o
 .debug_rnglists
                0x00000000000002c5       0x65 ./Drivers/STM32F1xx_HAL_Driver/stm32f1xx_hal_adc_ex.o
 .debug_rnglists
                0x000000000000032a       0xbb ./Drivers/STM32F1xx_HAL_Driver/stm32f1xx_hal_cortex.o
 .debug_rnglists
                0x00000000000003e5       0x3f ./Drivers/STM32F1xx_HAL_Driver/stm32f1xx_hal_gpio.o
 .debug_rnglists
                0x0000000000000424       0x6c ./Drivers/STM32F1xx_HAL_Driver/stm32f1xx_hal_rcc.o
 .debug_rnglists
                0x0000000000000490       0x21 ./Drivers/STM32F1xx_HAL_Driver/stm32f1xx_hal_rcc_ex.o
 .debug_rnglists
                0x00000000000004b1      0x31a ./Drivers/STM32F1xx_HAL_Driver/stm32f1xx_hal_tim.o
 .debug_rnglists
                0x00000000000007cb      0x125 ./Drivers/STM32F1xx_HAL_Driver/stm32f1xx_hal_tim_ex.o

.debug_macro    0x0000000000000000    0x18807
 .debug_macro   0x0000000000000000      0x28d ./Core/Src/main.o
 .debug_macro   0x000000000000028d      0xa9c ./Core/Src/main.o
 .debug_macro   0x0000000000000d29      0x21b ./Core/Src/main.o
 .debug_macro   0x0000000000000f44       0x2e ./Core/Src/main.o
 .debug_macro   0x0000000000000f72       0x22 ./Core/Src/main.o
 .debug_macro   0x0000000000000f94       0x22 ./Core/Src/main.o
 .debug_macro   0x0000000000000fb6       0x8e ./Core/Src/main.o
 .debug_macro   0x0000000000001044       0x51 ./Core/Src/main.o
 .debug_macro   0x0000000000001095      0x103 ./Core/Src/main.o
 .debug_macro   0x0000000000001198       0x6a ./Core/Src/main.o
 .debug_macro   0x0000000000001202      0x1df ./Core/Src/main.o
 .debug_macro   0x00000000000013e1       0x1c ./Core/Src/main.o
 .debug_macro   0x00000000000013fd       0x22 ./Core/Src/main.o
 .debug_macro   0x000000000000141f       0xbd ./Core/Src/main.o
 .debug_macro   0x00000000000014dc      0xd23 ./Core/Src/main.o
 .debug_macro   0x00000000000021ff     0xde75 ./Core/Src/main.o
 .debug_macro   0x0000000000010074       0x6d ./Core/Src/main.o
 .debug_macro   0x00000000000100e1     0x348d ./Core/Src/main.o
 .debug_macro   0x000000000001356e      0x174 ./Core/Src/main.o
 .debug_macro   0x00000000000136e2       0x5c ./Core/Src/main.o
 .debug_macro   0x000000000001373e      0x5bc ./Core/Src/main.o
 .debug_macro   0x0000000000013cfa      0x1b7 ./Core/Src/main.o
 .debug_macro   0x0000000000013eb1      0x1cb ./Core/Src/main.o
 .debug_macro   0x000000000001407c      0x114 ./Core/Src/main.o
 .debug_macro   0x0000000000014190      0x1b2 ./Core/Src/main.o
 .debug_macro   0x0000000000014342       0x27 ./Core/Src/main.o
 .debug_macro   0x0000000000014369      0x12f ./Core/Src/main.o
 .debug_macro   0x0000000000014498      0x1bc ./Core/Src/main.o
 .debug_macro   0x0000000000014654       0x34 ./Core/Src/main.o
 .debug_macro   0x0000000000014688       0x3c ./Core/Src/main.o
 .debug_macro   0x00000000000146c4       0x57 ./Core/Src/main.o
 .debug_macro   0x000000000001471b      0x46a ./Core/Src/main.o
 .debug_macro   0x0000000000014b85      0x1b5 ./Core/Src/main.o
 .debug_macro   0x0000000000014d3a       0x87 ./Core/Src/main.o
 .debug_macro   0x0000000000014dc1      0x183 ./Core/Src/main.o
 .debug_macro   0x0000000000014f44      0x140 ./Core/Src/main.o
 .debug_macro   0x0000000000015084      0x8ed ./Core/Src/main.o
 .debug_macro   0x0000000000015971       0x69 ./Core/Src/main.o
 .debug_macro   0x00000000000159da       0x61 ./Core/Src/main.o
 .debug_macro   0x0000000000015a3b       0x24 ./Core/Src/main.o
 .debug_macro   0x0000000000015a5f       0x43 ./Core/Src/main.o
 .debug_macro   0x0000000000015aa2       0x34 ./Core/Src/main.o
 .debug_macro   0x0000000000015ad6       0x16 ./Core/Src/main.o
 .debug_macro   0x0000000000015aec       0x35 ./Core/Src/main.o
 .debug_macro   0x0000000000015b21      0x369 ./Core/Src/main.o
 .debug_macro   0x0000000000015e8a       0x10 ./Core/Src/main.o
 .debug_macro   0x0000000000015e9a       0x16 ./Core/Src/main.o
 .debug_macro   0x0000000000015eb0       0x43 ./Core/Src/main.o
 .debug_macro   0x0000000000015ef3       0x34 ./Core/Src/main.o
 .debug_macro   0x0000000000015f27       0x10 ./Core/Src/main.o
 .debug_macro   0x0000000000015f37       0x58 ./Core/Src/main.o
 .debug_macro   0x0000000000015f8f       0x8e ./Core/Src/main.o
 .debug_macro   0x000000000001601d       0x1c ./Core/Src/main.o
 .debug_macro   0x0000000000016039      0x177 ./Core/Src/main.o
 .debug_macro   0x00000000000161b0       0x16 ./Core/Src/main.o
 .debug_macro   0x00000000000161c6       0x16 ./Core/Src/main.o
 .debug_macro   0x00000000000161dc      0x147 ./Core/Src/main.o
 .debug_macro   0x0000000000016323      0x1b5 ./Core/Src/stm32f1xx_hal_msp.o
 .debug_macro   0x00000000000164d8      0x1bf ./Core/Src/stm32f1xx_it.o
 .debug_macro   0x0000000000016697      0x274 ./Core/Src/syscalls.o
 .debug_macro   0x000000000001690b       0x5b ./Core/Src/syscalls.o
 .debug_macro   0x0000000000016966       0x94 ./Core/Src/syscalls.o
 .debug_macro   0x00000000000169fa       0x57 ./Core/Src/syscalls.o
 .debug_macro   0x0000000000016a51       0x10 ./Core/Src/syscalls.o
 .debug_macro   0x0000000000016a61       0x10 ./Core/Src/syscalls.o
 .debug_macro   0x0000000000016a71       0x10 ./Core/Src/syscalls.o
 .debug_macro   0x0000000000016a81       0x10 ./Core/Src/syscalls.o
 .debug_macro   0x0000000000016a91       0x1c ./Core/Src/syscalls.o
 .debug_macro   0x0000000000016aad       0x52 ./Core/Src/syscalls.o
 .debug_macro   0x0000000000016aff       0x22 ./Core/Src/syscalls.o
 .debug_macro   0x0000000000016b21       0x10 ./Core/Src/syscalls.o
 .debug_macro   0x0000000000016b31       0x52 ./Core/Src/syscalls.o
 .debug_macro   0x0000000000016b83       0xcf ./Core/Src/syscalls.o
 .debug_macro   0x0000000000016c52       0x1c ./Core/Src/syscalls.o
 .debug_macro   0x0000000000016c6e       0x3d ./Core/Src/syscalls.o
 .debug_macro   0x0000000000016cab       0x35 ./Core/Src/syscalls.o
 .debug_macro   0x0000000000016ce0      0x12c ./Core/Src/syscalls.o
 .debug_macro   0x0000000000016e0c       0x16 ./Core/Src/syscalls.o
 .debug_macro   0x0000000000016e22       0x16 ./Core/Src/syscalls.o
 .debug_macro   0x0000000000016e38       0x29 ./Core/Src/syscalls.o
 .debug_macro   0x0000000000016e61       0x10 ./Core/Src/syscalls.o
 .debug_macro   0x0000000000016e71      0x242 ./Core/Src/syscalls.o
 .debug_macro   0x00000000000170b3       0x1c ./Core/Src/syscalls.o
 .debug_macro   0x00000000000170cf       0x10 ./Core/Src/syscalls.o
 .debug_macro   0x00000000000170df      0x18a ./Core/Src/syscalls.o
 .debug_macro   0x0000000000017269       0x16 ./Core/Src/syscalls.o
 .debug_macro   0x000000000001727f       0xce ./Core/Src/syscalls.o
 .debug_macro   0x000000000001734d       0xff ./Core/Src/sysmem.o
 .debug_macro   0x000000000001744c      0x23c ./Core/Src/sysmem.o
 .debug_macro   0x0000000000017688      0x1ab ./Core/Src/system_stm32f1xx.o
 .debug_macro   0x0000000000017833      0x1cf ./Drivers/STM32F1xx_HAL_Driver/stm32f1xx_hal.o
 .debug_macro   0x0000000000017a02      0x1c8 ./Drivers/STM32F1xx_HAL_Driver/stm32f1xx_hal_adc.o
 .debug_macro   0x0000000000017bca      0x1bd ./Drivers/STM32F1xx_HAL_Driver/stm32f1xx_hal_adc_ex.o
 .debug_macro   0x0000000000017d87      0x1ab ./Drivers/STM32F1xx_HAL_Driver/stm32f1xx_hal_cortex.o
 .debug_macro   0x0000000000017f32      0x216 ./Drivers/STM32F1xx_HAL_Driver/stm32f1xx_hal_gpio.o
 .debug_macro   0x0000000000018148      0x1bd ./Drivers/STM32F1xx_HAL_Driver/stm32f1xx_hal_rcc.o
 .debug_macro   0x0000000000018305      0x1ab ./Drivers/STM32F1xx_HAL_Driver/stm32f1xx_hal_rcc_ex.o
 .debug_macro   0x00000000000184b0      0x1ac ./Drivers/STM32F1xx_HAL_Driver/stm32f1xx_hal_tim.o
 .debug_macro   0x000000000001865c      0x1ab ./Drivers/STM32F1xx_HAL_Driver/stm32f1xx_hal_tim_ex.o

.debug_line     0x0000000000000000     0xd4ea
 .debug_line    0x0000000000000000      0xa20 ./Core/Src/main.o
 .debug_line    0x0000000000000a20      0x7fd ./Core/Src/stm32f1xx_hal_msp.o
 .debug_line    0x000000000000121d      0x815 ./Core/Src/stm32f1xx_it.o
 .debug_line    0x0000000000001a32      0x80a ./Core/Src/syscalls.o
 .debug_line    0x000000000000223c      0x4db ./Core/Src/sysmem.o
 .debug_line    0x0000000000002717      0x7d1 ./Core/Src/system_stm32f1xx.o
 .debug_line    0x0000000000002ee8       0x78 ./Core/Startup/startup_stm32f103c6tx.o
 .debug_line    0x0000000000002f60      0xa33 ./Drivers/STM32F1xx_HAL_Driver/stm32f1xx_hal.o
 .debug_line    0x0000000000003993     0x10b0 ./Drivers/STM32F1xx_HAL_Driver/stm32f1xx_hal_adc.o
 .debug_line    0x0000000000004a43      0xdea ./Drivers/STM32F1xx_HAL_Driver/stm32f1xx_hal_adc_ex.o
 .debug_line    0x000000000000582d      0xc1b ./Drivers/STM32F1xx_HAL_Driver/stm32f1xx_hal_cortex.o
 .debug_line    0x0000000000006448      0xab7 ./Drivers/STM32F1xx_HAL_Driver/stm32f1xx_hal_gpio.o
 .debug_line    0x0000000000006eff      0xe3c ./Drivers/STM32F1xx_HAL_Driver/stm32f1xx_hal_rcc.o
 .debug_line    0x0000000000007d3b      0x977 ./Drivers/STM32F1xx_HAL_Driver/stm32f1xx_hal_rcc_ex.o
 .debug_line    0x00000000000086b2     0x34d6 ./Drivers/STM32F1xx_HAL_Driver/stm32f1xx_hal_tim.o
 .debug_line    0x000000000000bb88     0x1962 ./Drivers/STM32F1xx_HAL_Driver/stm32f1xx_hal_tim_ex.o

.debug_str      0x0000000000000000    0x8c99a
 .debug_str     0x0000000000000000    0x87d99 ./Core/Src/main.o
                                      0x88202 (size before relaxing)
 .debug_str     0x0000000000087d99       0xcc ./Core/Src/stm32f1xx_hal_msp.o
                                      0x846e8 (size before relaxing)
 .debug_str     0x0000000000087e65       0xc9 ./Core/Src/stm32f1xx_it.o
                                      0x84031 (size before relaxing)
 .debug_str     0x0000000000087f2e     0x20ee ./Core/Src/syscalls.o
                                       0x985d (size before relaxing)
 .debug_str     0x000000000008a01c       0x75 ./Core/Src/sysmem.o
                                       0x6014 (size before relaxing)
 .debug_str     0x000000000008a091       0x7e ./Core/Src/system_stm32f1xx.o
                                      0x84047 (size before relaxing)
 .debug_str     0x000000000008a10f       0x34 ./Core/Startup/startup_stm32f103c6tx.o
                                         0x7e (size before relaxing)
 .debug_str     0x000000000008a143      0x5fd ./Drivers/STM32F1xx_HAL_Driver/stm32f1xx_hal.o
                                      0x84775 (size before relaxing)
 .debug_str     0x000000000008a740      0x39c ./Drivers/STM32F1xx_HAL_Driver/stm32f1xx_hal_adc.o
                                      0x84760 (size before relaxing)
 .debug_str     0x000000000008aadc      0x2f1 ./Drivers/STM32F1xx_HAL_Driver/stm32f1xx_hal_adc_ex.o
                                      0x84730 (size before relaxing)
 .debug_str     0x000000000008adcd      0x2f0 ./Drivers/STM32F1xx_HAL_Driver/stm32f1xx_hal_cortex.o
                                      0x846c1 (size before relaxing)
 .debug_str     0x000000000008b0bd      0x357 ./Drivers/STM32F1xx_HAL_Driver/stm32f1xx_hal_gpio.o
                                      0x84402 (size before relaxing)
 .debug_str     0x000000000008b414      0x25e ./Drivers/STM32F1xx_HAL_Driver/stm32f1xx_hal_rcc.o
                                      0x844ab (size before relaxing)
 .debug_str     0x000000000008b672       0xb9 ./Drivers/STM32F1xx_HAL_Driver/stm32f1xx_hal_rcc_ex.o
                                      0x841fb (size before relaxing)
 .debug_str     0x000000000008b72b      0xda7 ./Drivers/STM32F1xx_HAL_Driver/stm32f1xx_hal_tim.o
                                      0x8549d (size before relaxing)
 .debug_str     0x000000000008c4d2      0x4c8 ./Drivers/STM32F1xx_HAL_Driver/stm32f1xx_hal_tim_ex.o
                                      0x84cb9 (size before relaxing)

.debug_frame    0x0000000000000000     0x3740
 .debug_frame   0x0000000000000000       0xd8 ./Core/Src/main.o
 .debug_frame   0x00000000000000d8       0xf4 ./Core/Src/stm32f1xx_hal_msp.o
 .debug_frame   0x00000000000001cc      0x104 ./Core/Src/stm32f1xx_it.o
 .debug_frame   0x00000000000002d0      0x2ac ./Core/Src/syscalls.o
 .debug_frame   0x000000000000057c       0x34 ./Core/Src/sysmem.o
 .debug_frame   0x00000000000005b0       0x58 ./Core/Src/system_stm32f1xx.o
 .debug_frame   0x0000000000000608      0x334 ./Drivers/STM32F1xx_HAL_Driver/stm32f1xx_hal.o
 .debug_frame   0x000000000000093c      0x40c ./Drivers/STM32F1xx_HAL_Driver/stm32f1xx_hal_adc.o
 .debug_frame   0x0000000000000d48      0x200 ./Drivers/STM32F1xx_HAL_Driver/stm32f1xx_hal_adc_ex.o
 .debug_frame   0x0000000000000f48      0x428 ./Drivers/STM32F1xx_HAL_Driver/stm32f1xx_hal_cortex.o
 .debug_frame   0x0000000000001370      0x14c ./Drivers/STM32F1xx_HAL_Driver/stm32f1xx_hal_gpio.o
 .debug_frame   0x00000000000014bc      0x218 ./Drivers/STM32F1xx_HAL_Driver/stm32f1xx_hal_rcc.o
 .debug_frame   0x00000000000016d4       0x80 ./Drivers/STM32F1xx_HAL_Driver/stm32f1xx_hal_rcc_ex.o
 .debug_frame   0x0000000000001754     0x11b8 ./Drivers/STM32F1xx_HAL_Driver/stm32f1xx_hal_tim.o
 .debug_frame   0x000000000000290c      0x638 ./Drivers/STM32F1xx_HAL_Driver/stm32f1xx_hal_tim_ex.o
 .debug_frame   0x0000000000002f44      0x144 /home/nikhi/st/stm32cubeide_1.14.0/plugins/com.st.stm32cube.ide.mcu.externaltools.gnu-tools-for-stm32.11.3.rel1.linux64_1.1.100.202309141235/tools/bin/../lib/gcc/arm-none-eabi/11.3.1/../../../../arm-none-eabi/lib/thumb/v7-m/nofp/libc_nano.a(libc_a-findfp.o)
 .debug_frame   0x0000000000003088       0x34 /home/nikhi/st/stm32cubeide_1.14.0/plugins/com.st.stm32cube.ide.mcu.externaltools.gnu-tools-for-stm32.11.3.rel1.linux64_1.1.100.202309141235/tools/bin/../lib/gcc/arm-none-eabi/11.3.1/../../../../arm-none-eabi/lib/thumb/v7-m/nofp/libc_nano.a(libc_a-fwalk.o)
 .debug_frame   0x00000000000030bc       0x6c /home/nikhi/st/stm32cubeide_1.14.0/plugins/com.st.stm32cube.ide.mcu.externaltools.gnu-tools-for-stm32.11.3.rel1.linux64_1.1.100.202309141235/tools/bin/../lib/gcc/arm-none-eabi/11.3.1/../../../../arm-none-eabi/lib/thumb/v7-m/nofp/libc_nano.a(libc_a-printf.o)
 .debug_frame   0x0000000000003128       0x88 /home/nikhi/st/stm32cubeide_1.14.0/plugins/com.st.stm32cube.ide.mcu.externaltools.gnu-tools-for-stm32.11.3.rel1.linux64_1.1.100.202309141235/tools/bin/../lib/gcc/arm-none-eabi/11.3.1/../../../../arm-none-eabi/lib/thumb/v7-m/nofp/libc_nano.a(libc_a-stdio.o)
 .debug_frame   0x00000000000031b0       0x20 /home/nikhi/st/stm32cubeide_1.14.0/plugins/com.st.stm32cube.ide.mcu.externaltools.gnu-tools-for-stm32.11.3.rel1.linux64_1.1.100.202309141235/tools/bin/../lib/gcc/arm-none-eabi/11.3.1/../../../../arm-none-eabi/lib/thumb/v7-m/nofp/libc_nano.a(libc_a-memset.o)
 .debug_frame   0x00000000000031d0       0x2c /home/nikhi/st/stm32cubeide_1.14.0/plugins/com.st.stm32cube.ide.mcu.externaltools.gnu-tools-for-stm32.11.3.rel1.linux64_1.1.100.202309141235/tools/bin/../lib/gcc/arm-none-eabi/11.3.1/../../../../arm-none-eabi/lib/thumb/v7-m/nofp/libc_nano.a(libc_a-closer.o)
 .debug_frame   0x00000000000031fc       0x38 /home/nikhi/st/stm32cubeide_1.14.0/plugins/com.st.stm32cube.ide.mcu.externaltools.gnu-tools-for-stm32.11.3.rel1.linux64_1.1.100.202309141235/tools/bin/../lib/gcc/arm-none-eabi/11.3.1/../../../../arm-none-eabi/lib/thumb/v7-m/nofp/libc_nano.a(libc_a-reent.o)
 .debug_frame   0x0000000000003234       0x2c /home/nikhi/st/stm32cubeide_1.14.0/plugins/com.st.stm32cube.ide.mcu.externaltools.gnu-tools-for-stm32.11.3.rel1.linux64_1.1.100.202309141235/tools/bin/../lib/gcc/arm-none-eabi/11.3.1/../../../../arm-none-eabi/lib/thumb/v7-m/nofp/libc_nano.a(libc_a-lseekr.o)
 .debug_frame   0x0000000000003260       0x2c /home/nikhi/st/stm32cubeide_1.14.0/plugins/com.st.stm32cube.ide.mcu.externaltools.gnu-tools-for-stm32.11.3.rel1.linux64_1.1.100.202309141235/tools/bin/../lib/gcc/arm-none-eabi/11.3.1/../../../../arm-none-eabi/lib/thumb/v7-m/nofp/libc_nano.a(libc_a-readr.o)
 .debug_frame   0x000000000000328c       0x2c /home/nikhi/st/stm32cubeide_1.14.0/plugins/com.st.stm32cube.ide.mcu.externaltools.gnu-tools-for-stm32.11.3.rel1.linux64_1.1.100.202309141235/tools/bin/../lib/gcc/arm-none-eabi/11.3.1/../../../../arm-none-eabi/lib/thumb/v7-m/nofp/libc_nano.a(libc_a-writer.o)
 .debug_frame   0x00000000000032b8       0x20 /home/nikhi/st/stm32cubeide_1.14.0/plugins/com.st.stm32cube.ide.mcu.externaltools.gnu-tools-for-stm32.11.3.rel1.linux64_1.1.100.202309141235/tools/bin/../lib/gcc/arm-none-eabi/11.3.1/../../../../arm-none-eabi/lib/thumb/v7-m/nofp/libc_nano.a(libc_a-errno.o)
 .debug_frame   0x00000000000032d8       0x2c /home/nikhi/st/stm32cubeide_1.14.0/plugins/com.st.stm32cube.ide.mcu.externaltools.gnu-tools-for-stm32.11.3.rel1.linux64_1.1.100.202309141235/tools/bin/../lib/gcc/arm-none-eabi/11.3.1/../../../../arm-none-eabi/lib/thumb/v7-m/nofp/libc_nano.a(libc_a-init.o)
 .debug_frame   0x0000000000003304       0xb0 /home/nikhi/st/stm32cubeide_1.14.0/plugins/com.st.stm32cube.ide.mcu.externaltools.gnu-tools-for-stm32.11.3.rel1.linux64_1.1.100.202309141235/tools/bin/../lib/gcc/arm-none-eabi/11.3.1/../../../../arm-none-eabi/lib/thumb/v7-m/nofp/libc_nano.a(libc_a-lock.o)
 .debug_frame   0x00000000000033b4       0x38 /home/nikhi/st/stm32cubeide_1.14.0/plugins/com.st.stm32cube.ide.mcu.externaltools.gnu-tools-for-stm32.11.3.rel1.linux64_1.1.100.202309141235/tools/bin/../lib/gcc/arm-none-eabi/11.3.1/../../../../arm-none-eabi/lib/thumb/v7-m/nofp/libc_nano.a(libc_a-freer.o)
 .debug_frame   0x00000000000033ec       0x50 /home/nikhi/st/stm32cubeide_1.14.0/plugins/com.st.stm32cube.ide.mcu.externaltools.gnu-tools-for-stm32.11.3.rel1.linux64_1.1.100.202309141235/tools/bin/../lib/gcc/arm-none-eabi/11.3.1/../../../../arm-none-eabi/lib/thumb/v7-m/nofp/libc_nano.a(libc_a-mallocr.o)
 .debug_frame   0x000000000000343c       0x30 /home/nikhi/st/stm32cubeide_1.14.0/plugins/com.st.stm32cube.ide.mcu.externaltools.gnu-tools-for-stm32.11.3.rel1.linux64_1.1.100.202309141235/tools/bin/../lib/gcc/arm-none-eabi/11.3.1/../../../../arm-none-eabi/lib/thumb/v7-m/nofp/libc_nano.a(libc_a-mlock.o)
 .debug_frame   0x000000000000346c       0xa8 /home/nikhi/st/stm32cubeide_1.14.0/plugins/com.st.stm32cube.ide.mcu.externaltools.gnu-tools-for-stm32.11.3.rel1.linux64_1.1.100.202309141235/tools/bin/../lib/gcc/arm-none-eabi/11.3.1/../../../../arm-none-eabi/lib/thumb/v7-m/nofp/libc_nano.a(libc_a-nano-vfprintf.o)
 .debug_frame   0x0000000000003514       0x60 /home/nikhi/st/stm32cubeide_1.14.0/plugins/com.st.stm32cube.ide.mcu.externaltools.gnu-tools-for-stm32.11.3.rel1.linux64_1.1.100.202309141235/tools/bin/../lib/gcc/arm-none-eabi/11.3.1/../../../../arm-none-eabi/lib/thumb/v7-m/nofp/libc_nano.a(libc_a-nano-vfprintf_i.o)
 .debug_frame   0x0000000000003574       0x5c /home/nikhi/st/stm32cubeide_1.14.0/plugins/com.st.stm32cube.ide.mcu.externaltools.gnu-tools-for-stm32.11.3.rel1.linux64_1.1.100.202309141235/tools/bin/../lib/gcc/arm-none-eabi/11.3.1/../../../../arm-none-eabi/lib/thumb/v7-m/nofp/libc_nano.a(libc_a-fflush.o)
 .debug_frame   0x00000000000035d0       0x40 /home/nikhi/st/stm32cubeide_1.14.0/plugins/com.st.stm32cube.ide.mcu.externaltools.gnu-tools-for-stm32.11.3.rel1.linux64_1.1.100.202309141235/tools/bin/../lib/gcc/arm-none-eabi/11.3.1/../../../../arm-none-eabi/lib/thumb/v7-m/nofp/libc_nano.a(libc_a-wbuf.o)
 .debug_frame   0x0000000000003610       0x2c /home/nikhi/st/stm32cubeide_1.14.0/plugins/com.st.stm32cube.ide.mcu.externaltools.gnu-tools-for-stm32.11.3.rel1.linux64_1.1.100.202309141235/tools/bin/../lib/gcc/arm-none-eabi/11.3.1/../../../../arm-none-eabi/lib/thumb/v7-m/nofp/libc_nano.a(libc_a-wsetup.o)
 .debug_frame   0x000000000000363c       0x2c /home/nikhi/st/stm32cubeide_1.14.0/plugins/com.st.stm32cube.ide.mcu.externaltools.gnu-tools-for-stm32.11.3.rel1.linux64_1.1.100.202309141235/tools/bin/../lib/gcc/arm-none-eabi/11.3.1/../../../../arm-none-eabi/lib/thumb/v7-m/nofp/libc_nano.a(libc_a-sbrkr.o)
 .debug_frame   0x0000000000003668       0x28 /home/nikhi/st/stm32cubeide_1.14.0/plugins/com.st.stm32cube.ide.mcu.externaltools.gnu-tools-for-stm32.11.3.rel1.linux64_1.1.100.202309141235/tools/bin/../lib/gcc/arm-none-eabi/11.3.1/../../../../arm-none-eabi/lib/thumb/v7-m/nofp/libc_nano.a(libc_a-memchr-stub.o)
 .debug_frame   0x0000000000003690       0x58 /home/nikhi/st/stm32cubeide_1.14.0/plugins/com.st.stm32cube.ide.mcu.externaltools.gnu-tools-for-stm32.11.3.rel1.linux64_1.1.100.202309141235/tools/bin/../lib/gcc/arm-none-eabi/11.3.1/../../../../arm-none-eabi/lib/thumb/v7-m/nofp/libc_nano.a(libc_a-makebuf.o)
 .debug_frame   0x00000000000036e8       0x2c /home/nikhi/st/stm32cubeide_1.14.0/plugins/com.st.stm32cube.ide.mcu.externaltools.gnu-tools-for-stm32.11.3.rel1.linux64_1.1.100.202309141235/tools/bin/../lib/gcc/arm-none-eabi/11.3.1/../../../../arm-none-eabi/lib/thumb/v7-m/nofp/libc_nano.a(libc_a-fstatr.o)
 .debug_frame   0x0000000000003714       0x2c /home/nikhi/st/stm32cubeide_1.14.0/plugins/com.st.stm32cube.ide.mcu.externaltools.gnu-tools-for-stm32.11.3.rel1.linux64_1.1.100.202309141235/tools/bin/../lib/gcc/arm-none-eabi/11.3.1/../../../../arm-none-eabi/lib/thumb/v7-m/nofp/libc_nano.a(libc_a-isattyr.o)

.debug_line_str
                0x0000000000000000       0x72
 .debug_line_str
                0x0000000000000000       0x72 ./Core/Startup/startup_stm32f103c6tx.o
                                         0x8a (size before relaxing)
